sample.interval=20000
"imvar" "glim_inner_prob_approx_samples" "glim" 
"imvar" "glim_inner_prob_approx_samples" "glim" 
"imvar" "glim_inner_prob_approx_samples" "glim" 
"imvar" "glim_inner_prob_approx_samples" "glim" 
"imvar" "glim_inner_prob_approx_samples" "glim" 
"imvar" "glim_inner_prob_approx_samples" "glim" 
"imvar" "glim_inner_prob_approx_samples" "glim" 
"imvar" "glim_inner_prob_approx_samples" "glim" 
"imvar" "glim_inner_prob_approx_samples" "glim" 
"imvar" "glim_inner_prob_approx_samples" "glim" 
"imvar" "glim_inner_prob_approx_samples" "glim" 
"imvar" "glim_inner_prob_approx_samples" "glim" 
"imvar" "glim_inner_prob_approx_samples" "glim" 
"imvar" "glim_inner_prob_approx_samples" "glim" 
"imvar" "glim_inner_prob_approx_samples" "glim" 
"imvar" "glim_inner_prob_approx_samples" "glim" 
"imvar" "glim_inner_prob_approx_samples" "glim" 
"imvar" "glim_inner_prob_approx_samples" "glim" 
"imvar" "glim_inner_prob_approx_samples" "glim" 
"imvar" "glim_inner_prob_approx_samples" "glim" 
"imvar" "glim_inner_prob_approx_samples" "glim" 
"imvar" "glim_inner_prob_approx_samples" "glim" 
"imvar" "glim_inner_prob_approx_samples" "glim" 
"imvar" "glim_inner_prob_approx_samples" "glim" 
"imvar" "glim_inner_prob_approx_samples" "glim" 
"imvar" "glim_inner_prob_approx_samples" "glim" 
"imvar" "glim_inner_prob_approx_samples" "glim" 
"imvar" "glim_inner_prob_approx_samples" "glim" 
"imvar" "glim_inner_prob_approx_samples" "glim" 
"imvar" "glim_inner_prob_approx_samples" "glim" 
"imvar" "glim_inner_prob_approx_samples" "glim" 
"imvar" "glim_inner_prob_approx_samples" "glim" 
"imvar" "glim_inner_prob_approx_samples" "glim" 
"imvar" "glim_inner_prob_approx_samples" "glim" 
"imvar" "glim_inner_prob_approx_samples" "glim" 
"imvar" "glim_inner_prob_approx_samples" "glim" 
"imvar" "glim_inner_prob_approx_samples" "glim" 
"imvar" "glim_inner_prob_approx_samples" "glim" 
"imvar" "glim_inner_prob_approx_samples" "glim" 
"imvar" "glim_inner_prob_approx_samples" "glim" 
"imvar" "glim_inner_prob_approx_samples" "glim" 
"imvar" "glim_inner_prob_approx_samples" "glim" 
"imvar" "glim_inner_prob_approx_samples" "glim" 
"imvar" "glim_inner_prob_approx_samples" "glim" 
"imvar" "glim_inner_prob_approx_samples" "glim" 
"imvar" "glim_inner_prob_approx_samples" "glim" 
"imvar" "glim_inner_prob_approx_samples" "glim" 
"imvar" "glim_inner_prob_approx_samples" "glim" 
"imvar" "glim_inner_prob_approx_samples" "glim" 
"imvar" "glim_inner_prob_approx_samples" "glim" 
"imvar" "glim_inner_prob_approx_samples" "glim" 
"imvar" "glim_inner_prob_approx_samples" "glim" 
"imvar" "glim_inner_prob_approx_samples" "glim" 
"imvar" "glim_inner_prob_approx_samples" "glim" 
"imvar" "glim_inner_prob_approx_samples" "glim" 
"imvar" "glim_inner_prob_approx_samples" "glim" 
"imvar" "glim_inner_prob_approx_samples" "glim" 
"imvar" "glim_inner_prob_approx_samples" "glim" 
"imvar" "glim_inner_prob_approx_samples" "glim" 
"imvar" "glim_inner_prob_approx_samples" "glim" 
"imvar" "glim_inner_prob_approx_samples" "glim" 
"imvar" "glim_inner_prob_approx_samples" "glim" 
"imvar" "glim_inner_prob_approx_samples" "glim" 
"imvar" "glim_inner_prob_approx_samples" "glim" 
"imvar" "glim_inner_prob_approx_samples" "glim" 
"imvar" "glim_inner_prob_approx_samples" "glim" 
"imvar" "glim_inner_prob_approx_samples" "glim" 
"imvar" "glim_inner_prob_approx_samples" "glim" 
"imvar" "glim_inner_prob_approx_samples" "glim" 
"sub" "pb_render" "private$render" "pb_tick" "pb$tick" "glim_inner_prob_approx_samples" "glim" 
"imvar" "glim_inner_prob_approx_samples" "glim" 
"imvar" "glim_inner_prob_approx_samples" "glim" 
"imvar" "glim_inner_prob_approx_samples" "glim" 
"imvar" "glim_inner_prob_approx_samples" "glim" 
"imvar" "glim_inner_prob_approx_samples" "glim" 
"imvar" "glim_inner_prob_approx_samples" "glim" 
"imvar" "glim_inner_prob_approx_samples" "glim" 
"imvar" "glim_inner_prob_approx_samples" "glim" 
"imvar" "glim_inner_prob_approx_samples" "glim" 
"imvar" "glim_inner_prob_approx_samples" "glim" 
"imvar" "glim_inner_prob_approx_samples" "glim" 
"imvar" "glim_inner_prob_approx_samples" "glim" 
"imvar" "glim_inner_prob_approx_samples" "glim" 
"imvar" "glim_inner_prob_approx_samples" "glim" 
"imvar" "glim_inner_prob_approx_samples" "glim" 
"imvar" "glim_inner_prob_approx_samples" "glim" 
"imvar" "glim_inner_prob_approx_samples" "glim" 
"imvar" "glim_inner_prob_approx_samples" "glim" 
"imvar" "glim_inner_prob_approx_samples" "glim" 
"imvar" "glim_inner_prob_approx_samples" "glim" 
"imvar" "glim_inner_prob_approx_samples" "glim" 
"imvar" "glim_inner_prob_approx_samples" "glim" 
"imvar" "glim_inner_prob_approx_samples" "glim" 
"imvar" "glim_inner_prob_approx_samples" "glim" 
"imvar" "glim_inner_prob_approx_samples" "glim" 
"imvar" "glim_inner_prob_approx_samples" "glim" 
"imvar" "glim_inner_prob_approx_samples" "glim" 
"imvar" "glim_inner_prob_approx_samples" "glim" 
"imvar" "glim_inner_prob_approx_samples" "glim" 
"imvar" "glim_inner_prob_approx_samples" "glim" 
"imvar" "glim_inner_prob_approx_samples" "glim" 
"imvar" "glim_inner_prob_approx_samples" "glim" 
"imvar" "glim_inner_prob_approx_samples" "glim" 
"imvar" "glim_inner_prob_approx_samples" "glim" 
"imvar" "glim_inner_prob_approx_samples" "glim" 
"imvar" "glim_inner_prob_approx_samples" "glim" 
"imvar" "glim_inner_prob_approx_samples" "glim" 
"imvar" "glim_inner_prob_approx_samples" "glim" 
"imvar" "glim_inner_prob_approx_samples" "glim" 
"imvar" "glim_inner_prob_approx_samples" "glim" 
"imvar" "glim_inner_prob_approx_samples" "glim" 
"imvar" "glim_inner_prob_approx_samples" "glim" 
"imvar" "glim_inner_prob_approx_samples" "glim" 
"imvar" "glim_inner_prob_approx_samples" "glim" 
"imvar" "glim_inner_prob_approx_samples" "glim" 
"imvar" "glim_inner_prob_approx_samples" "glim" 
"imvar" "glim_inner_prob_approx_samples" "glim" 
"imvar" "glim_inner_prob_approx_samples" "glim" 
"imvar" "glim_inner_prob_approx_samples" "glim" 
"imvar" "glim_inner_prob_approx_samples" "glim" 
"imvar" "glim_inner_prob_approx_samples" "glim" 
"imvar" "glim_inner_prob_approx_samples" "glim" 
"imvar" "glim_inner_prob_approx_samples" "glim" 
"imvar" "glim_inner_prob_approx_samples" "glim" 
"imvar" "glim_inner_prob_approx_samples" "glim" 
"imvar" "glim_inner_prob_approx_samples" "glim" 
"conditionMessage" "signalCondition" "doWithOneRestart" "withOneRestart" "withRestarts" "pb_progress_message" "private$progress_message" "pb_render" "private$render" "pb_tick" "pb$tick" "glim_inner_prob_approx_samples" "glim" 
"imvar" "glim_inner_prob_approx_samples" "glim" 
"imvar" "glim_inner_prob_approx_samples" "glim" 
"imvar" "glim_inner_prob_approx_samples" "glim" 
"imvar" "glim_inner_prob_approx_samples" "glim" 
"imvar" "glim_inner_prob_approx_samples" "glim" 
"imvar" "glim_inner_prob_approx_samples" "glim" 
"imvar" "glim_inner_prob_approx_samples" "glim" 
"imvar" "glim_inner_prob_approx_samples" "glim" 
"imvar" "glim_inner_prob_approx_samples" "glim" 
"imvar" "glim_inner_prob_approx_samples" "glim" 
"imvar" "glim_inner_prob_approx_samples" "glim" 
"imvar" "glim_inner_prob_approx_samples" "glim" 
"imvar" "glim_inner_prob_approx_samples" "glim" 
"imvar" "glim_inner_prob_approx_samples" "glim" 
"imvar" "glim_inner_prob_approx_samples" "glim" 
"imvar" "glim_inner_prob_approx_samples" "glim" 
"imvar" "glim_inner_prob_approx_samples" "glim" 
"imvar" "glim_inner_prob_approx_samples" "glim" 
"imvar" "glim_inner_prob_approx_samples" "glim" 
"imvar" "glim_inner_prob_approx_samples" "glim" 
"imvar" "glim_inner_prob_approx_samples" "glim" 
"imvar" "glim_inner_prob_approx_samples" "glim" 
"imvar" "glim_inner_prob_approx_samples" "glim" 
"imvar" "glim_inner_prob_approx_samples" "glim" 
"imvar" "glim_inner_prob_approx_samples" "glim" 
"imvar" "glim_inner_prob_approx_samples" "glim" 
"imvar" "glim_inner_prob_approx_samples" "glim" 
"imvar" "glim_inner_prob_approx_samples" "glim" 
"imvar" "glim_inner_prob_approx_samples" "glim" 
"imvar" "glim_inner_prob_approx_samples" "glim" 
"doWithOneRestart" "withOneRestart" "withRestarts" "pb_progress_message" "private$progress_message" "pb_cursor_to_start" "private$cursor_to_start" "pb_render" "private$render" "pb_tick" "pb$tick" "glim_inner_prob_approx_samples" "glim" 
"imvar" "glim_inner_prob_approx_samples" "glim" 
"imvar" "glim_inner_prob_approx_samples" "glim" 
"imvar" "glim_inner_prob_approx_samples" "glim" 
"imvar" "glim_inner_prob_approx_samples" "glim" 
"imvar" "glim_inner_prob_approx_samples" "glim" 
"imvar" "glim_inner_prob_approx_samples" "glim" 
"imvar" "glim_inner_prob_approx_samples" "glim" 
"imvar" "glim_inner_prob_approx_samples" "glim" 
"assert_scalar" "pb_tick" "pb$tick" "glim_inner_prob_approx_samples" "glim" 
"imvar" "glim_inner_prob_approx_samples" "glim" 
"imvar" "glim_inner_prob_approx_samples" "glim" 
"imvar" "glim_inner_prob_approx_samples" "glim" 
"imvar" "glim_inner_prob_approx_samples" "glim" 
"imvar" "glim_inner_prob_approx_samples" "glim" 
"imvar" "glim_inner_prob_approx_samples" "glim" 
"imvar" "glim_inner_prob_approx_samples" "glim" 
"imvar" "glim_inner_prob_approx_samples" "glim" 
"imvar" "glim_inner_prob_approx_samples" "glim" 
"imvar" "glim_inner_prob_approx_samples" "glim" 
"imvar" "glim_inner_prob_approx_samples" "glim" 
"imvar" "glim_inner_prob_approx_samples" "glim" 
"imvar" "glim_inner_prob_approx_samples" "glim" 
"imvar" "glim_inner_prob_approx_samples" "glim" 
"imvar" "glim_inner_prob_approx_samples" "glim" 
"imvar" "glim_inner_prob_approx_samples" "glim" 
"imvar" "glim_inner_prob_approx_samples" "glim" 
"imvar" "glim_inner_prob_approx_samples" "glim" 
"imvar" "glim_inner_prob_approx_samples" "glim" 
"imvar" "glim_inner_prob_approx_samples" "glim" 
"imvar" "glim_inner_prob_approx_samples" "glim" 
"imvar" "glim_inner_prob_approx_samples" "glim" 
"imvar" "glim_inner_prob_approx_samples" "glim" 
"imvar" "glim_inner_prob_approx_samples" "glim" 
"imvar" "glim_inner_prob_approx_samples" "glim" 
"imvar" "glim_inner_prob_approx_samples" "glim" 
"imvar" "glim_inner_prob_approx_samples" "glim" 
"imvar" "glim_inner_prob_approx_samples" "glim" 
"imvar" "glim_inner_prob_approx_samples" "glim" 
"imvar" "glim_inner_prob_approx_samples" "glim" 
"imvar" "glim_inner_prob_approx_samples" "glim" 
"imvar" "glim_inner_prob_approx_samples" "glim" 
"imvar" "glim_inner_prob_approx_samples" "glim" 
"imvar" "glim_inner_prob_approx_samples" "glim" 
"imvar" "glim_inner_prob_approx_samples" "glim" 
"imvar" "glim_inner_prob_approx_samples" "glim" 
"imvar" "glim_inner_prob_approx_samples" "glim" 
"imvar" "glim_inner_prob_approx_samples" "glim" 
"imvar" "glim_inner_prob_approx_samples" "glim" 
"imvar" "glim_inner_prob_approx_samples" "glim" 
"imvar" "glim_inner_prob_approx_samples" "glim" 
"imvar" "glim_inner_prob_approx_samples" "glim" 
"imvar" "glim_inner_prob_approx_samples" "glim" 
"imvar" "glim_inner_prob_approx_samples" "glim" 
"imvar" "glim_inner_prob_approx_samples" "glim" 
"imvar" "glim_inner_prob_approx_samples" "glim" 
"imvar" "glim_inner_prob_approx_samples" "glim" 
"imvar" "glim_inner_prob_approx_samples" "glim" 
"imvar" "glim_inner_prob_approx_samples" "glim" 
"imvar" "glim_inner_prob_approx_samples" "glim" 
"imvar" "glim_inner_prob_approx_samples" "glim" 
"imvar" "glim_inner_prob_approx_samples" "glim" 
"imvar" "glim_inner_prob_approx_samples" "glim" 
"imvar" "glim_inner_prob_approx_samples" "glim" 
"imvar" "glim_inner_prob_approx_samples" "glim" 
"imvar" "glim_inner_prob_approx_samples" "glim" 
"imvar" "glim_inner_prob_approx_samples" "glim" 
"imvar" "glim_inner_prob_approx_samples" "glim" 
"imvar" "glim_inner_prob_approx_samples" "glim" 
"imvar" "glim_inner_prob_approx_samples" "glim" 
"imvar" "glim_inner_prob_approx_samples" "glim" 
"imvar" "glim_inner_prob_approx_samples" "glim" 
"imvar" "glim_inner_prob_approx_samples" "glim" 
"imvar" "glim_inner_prob_approx_samples" "glim" 
"imvar" "glim_inner_prob_approx_samples" "glim" 
"imvar" "glim_inner_prob_approx_samples" "glim" 
"imvar" "glim_inner_prob_approx_samples" "glim" 
"imvar" "glim_inner_prob_approx_samples" "glim" 
"imvar" "glim_inner_prob_approx_samples" "glim" 
"imvar" "glim_inner_prob_approx_samples" "glim" 
"imvar" "glim_inner_prob_approx_samples" "glim" 
"imvar" "glim_inner_prob_approx_samples" "glim" 
"imvar" "glim_inner_prob_approx_samples" "glim" 
"imvar" "glim_inner_prob_approx_samples" "glim" 
"imvar" "glim_inner_prob_approx_samples" "glim" 
"imvar" "glim_inner_prob_approx_samples" "glim" 
"imvar" "glim_inner_prob_approx_samples" "glim" 
"imvar" "glim_inner_prob_approx_samples" "glim" 
"imvar" "glim_inner_prob_approx_samples" "glim" 
"imvar" "glim_inner_prob_approx_samples" "glim" 
"imvar" "glim_inner_prob_approx_samples" "glim" 
"imvar" "glim_inner_prob_approx_samples" "glim" 
"imvar" "glim_inner_prob_approx_samples" "glim" 
"imvar" "glim_inner_prob_approx_samples" "glim" 
"imvar" "glim_inner_prob_approx_samples" "glim" 
"imvar" "glim_inner_prob_approx_samples" "glim" 
"imvar" "glim_inner_prob_approx_samples" "glim" 
"imvar" "glim_inner_prob_approx_samples" "glim" 
"imvar" "glim_inner_prob_approx_samples" "glim" 
"imvar" "glim_inner_prob_approx_samples" "glim" 
"imvar" "glim_inner_prob_approx_samples" "glim" 
"imvar" "glim_inner_prob_approx_samples" "glim" 
"imvar" "glim_inner_prob_approx_samples" "glim" 
"imvar" "glim_inner_prob_approx_samples" "glim" 
"imvar" "glim_inner_prob_approx_samples" "glim" 
"imvar" "glim_inner_prob_approx_samples" "glim" 
"imvar" "glim_inner_prob_approx_samples" "glim" 
"imvar" "glim_inner_prob_approx_samples" "glim" 
"imvar" "glim_inner_prob_approx_samples" "glim" 
"imvar" "glim_inner_prob_approx_samples" "glim" 
"imvar" "glim_inner_prob_approx_samples" "glim" 
"imvar" "glim_inner_prob_approx_samples" "glim" 
"imvar" "glim_inner_prob_approx_samples" "glim" 
"imvar" "glim_inner_prob_approx_samples" "glim" 
"imvar" "glim_inner_prob_approx_samples" "glim" 
"imvar" "glim_inner_prob_approx_samples" "glim" 
"imvar" "glim_inner_prob_approx_samples" "glim" 
"imvar" "glim_inner_prob_approx_samples" "glim" 
"imvar" "glim_inner_prob_approx_samples" "glim" 
"imvar" "glim_inner_prob_approx_samples" "glim" 
"imvar" "glim_inner_prob_approx_samples" "glim" 
"imvar" "glim_inner_prob_approx_samples" "glim" 
"imvar" "glim_inner_prob_approx_samples" "glim" 
"imvar" "glim_inner_prob_approx_samples" "glim" 
"imvar" "glim_inner_prob_approx_samples" "glim" 
"imvar" "glim_inner_prob_approx_samples" "glim" 
"imvar" "glim_inner_prob_approx_samples" "glim" 
"imvar" "glim_inner_prob_approx_samples" "glim" 
"imvar" "glim_inner_prob_approx_samples" "glim" 
"imvar" "glim_inner_prob_approx_samples" "glim" 
"imvar" "glim_inner_prob_approx_samples" "glim" 
"imvar" "glim_inner_prob_approx_samples" "glim" 
"imvar" "glim_inner_prob_approx_samples" "glim" 
"imvar" "glim_inner_prob_approx_samples" "glim" 
"prettyNum" "format.default" "format" "paste0" "sub" "pb_render" "private$render" "pb_tick" "pb$tick" "glim_inner_prob_approx_samples" "glim" 
"imvar" "glim_inner_prob_approx_samples" "glim" 
"imvar" "glim_inner_prob_approx_samples" "glim" 
"imvar" "glim_inner_prob_approx_samples" "glim" 
"imvar" "glim_inner_prob_approx_samples" "glim" 
"imvar" "glim_inner_prob_approx_samples" "glim" 
"imvar" "glim_inner_prob_approx_samples" "glim" 
"imvar" "glim_inner_prob_approx_samples" "glim" 
"imvar" "glim_inner_prob_approx_samples" "glim" 
"imvar" "glim_inner_prob_approx_samples" "glim" 
"imvar" "glim_inner_prob_approx_samples" "glim" 
"imvar" "glim_inner_prob_approx_samples" "glim" 
"imvar" "glim_inner_prob_approx_samples" "glim" 
"imvar" "glim_inner_prob_approx_samples" "glim" 
"imvar" "glim_inner_prob_approx_samples" "glim" 
"imvar" "glim_inner_prob_approx_samples" "glim" 
"imvar" "glim_inner_prob_approx_samples" "glim" 
"imvar" "glim_inner_prob_approx_samples" "glim" 
"imvar" "glim_inner_prob_approx_samples" "glim" 
"imvar" "glim_inner_prob_approx_samples" "glim" 
"imvar" "glim_inner_prob_approx_samples" "glim" 
"imvar" "glim_inner_prob_approx_samples" "glim" 
"imvar" "glim_inner_prob_approx_samples" "glim" 
"imvar" "glim_inner_prob_approx_samples" "glim" 
"imvar" "glim_inner_prob_approx_samples" "glim" 
"imvar" "glim_inner_prob_approx_samples" "glim" 
"imvar" "glim_inner_prob_approx_samples" "glim" 
"imvar" "glim_inner_prob_approx_samples" "glim" 
"imvar" "glim_inner_prob_approx_samples" "glim" 
"imvar" "glim_inner_prob_approx_samples" "glim" 
"imvar" "glim_inner_prob_approx_samples" "glim" 
"imvar" "glim_inner_prob_approx_samples" "glim" 
"imvar" "glim_inner_prob_approx_samples" "glim" 
"imvar" "glim_inner_prob_approx_samples" "glim" 
"imvar" "glim_inner_prob_approx_samples" "glim" 
"imvar" "glim_inner_prob_approx_samples" "glim" 
"imvar" "glim_inner_prob_approx_samples" "glim" 
"imvar" "glim_inner_prob_approx_samples" "glim" 
"imvar" "glim_inner_prob_approx_samples" "glim" 
"imvar" "glim_inner_prob_approx_samples" "glim" 
"imvar" "glim_inner_prob_approx_samples" "glim" 
"imvar" "glim_inner_prob_approx_samples" "glim" 
"imvar" "glim_inner_prob_approx_samples" "glim" 
"imvar" "glim_inner_prob_approx_samples" "glim" 
"imvar" "glim_inner_prob_approx_samples" "glim" 
"imvar" "glim_inner_prob_approx_samples" "glim" 
"imvar" "glim_inner_prob_approx_samples" "glim" 
"imvar" "glim_inner_prob_approx_samples" "glim" 
"imvar" "glim_inner_prob_approx_samples" "glim" 
"imvar" "glim_inner_prob_approx_samples" "glim" 
"imvar" "glim_inner_prob_approx_samples" "glim" 
"imvar" "glim_inner_prob_approx_samples" "glim" 
"imvar" "glim_inner_prob_approx_samples" "glim" 
"imvar" "glim_inner_prob_approx_samples" "glim" 
"imvar" "glim_inner_prob_approx_samples" "glim" 
"list" "structure" "makeRestart" "makeRestartList" "withRestarts" "pb_progress_message" "private$progress_message" "pb_render" "private$render" "pb_tick" "pb$tick" "glim_inner_prob_approx_samples" "glim" 
"imvar" "glim_inner_prob_approx_samples" "glim" 
"imvar" "glim_inner_prob_approx_samples" "glim" 
"base::nchar" "col_nchar" "pb_render" "private$render" "pb_tick" "pb$tick" "glim_inner_prob_approx_samples" "glim" 
"imvar" "glim_inner_prob_approx_samples" "glim" 
"imvar" "glim_inner_prob_approx_samples" "glim" 
"imvar" "glim_inner_prob_approx_samples" "glim" 
"imvar" "glim_inner_prob_approx_samples" "glim" 
"imvar" "glim_inner_prob_approx_samples" "glim" 
"imvar" "glim_inner_prob_approx_samples" "glim" 
"imvar" "glim_inner_prob_approx_samples" "glim" 
"imvar" "glim_inner_prob_approx_samples" "glim" 
"imvar" "glim_inner_prob_approx_samples" "glim" 
"imvar" "glim_inner_prob_approx_samples" "glim" 
"imvar" "glim_inner_prob_approx_samples" "glim" 
"imvar" "glim_inner_prob_approx_samples" "glim" 
"imvar" "glim_inner_prob_approx_samples" "glim" 
"imvar" "glim_inner_prob_approx_samples" "glim" 
"imvar" "glim_inner_prob_approx_samples" "glim" 
"imvar" "glim_inner_prob_approx_samples" "glim" 
"imvar" "glim_inner_prob_approx_samples" "glim" 
"imvar" "glim_inner_prob_approx_samples" "glim" 
"imvar" "glim_inner_prob_approx_samples" "glim" 
"imvar" "glim_inner_prob_approx_samples" "glim" 
"imvar" "glim_inner_prob_approx_samples" "glim" 
"imvar" "glim_inner_prob_approx_samples" "glim" 
"imvar" "glim_inner_prob_approx_samples" "glim" 
"min" "glim_inner_prob_approx_samples" "glim" 
"expand.grid" "as.matrix" "glim" 
"expand.grid" "as.matrix" "glim" 
"%*%" "p2p_function" "glim" 
"%*%" "p2p_function" "glim" 
"%*%" "p2p_function" "glim" 
"%*%" "p2p_function" "glim" 
"%*%" "p2p_function" "glim" 
"%*%" "p2p_function" "glim" 
"%*%" "p2p_function" "glim" 
"%*%" "p2p_function" "glim" 
"%*%" "p2p_function" "glim" 
"%*%" "p2p_function" "glim" 
"%*%" "p2p_function" "glim" 
"pmax" "p2p_function" "glim" 
"pmax" "p2p_function" "glim" 
"pmax" "p2p_function" "glim" 
"pmax" "p2p_function" "glim" 
"pmax" "p2p_function" "glim" 
"pmax" "p2p_function" "glim" 
"pmax" "p2p_function" "glim" 
"pmax" "p2p_function" "glim" 
"pmax" "p2p_function" "glim" 
"pmax" "p2p_function" "glim" 
"pmax" "p2p_function" "glim" 
"abs" "p2p_function" "glim" 
"abs" "p2p_function" "glim" 
"abs" "p2p_function" "glim" 
"abs" "p2p_function" "glim" 
"abs" "p2p_function" "glim" 
"abs" "p2p_function" "glim" 
"abs" "p2p_function" "glim" 
"abs" "p2p_function" "glim" 
"p2p_function" "glim" 
"p2p_function" "glim" 
"p2p_function" "glim" 
"p2p_function" "glim" 
"p2p_function" "glim" 
"p2p_function" "glim" 
"p2p_function" "glim" 
"p2p_function" "glim" 
"p2p_function" "glim" 
"p2p_function" "glim" 
"p2p_function" "glim" 
"p2p_function" "glim" 
"p2p_function" "glim" 
"p2p_function" "glim" 
"%*%" "p2p_function" "glim" 
"colSums" "p2p_function" "glim" 
"FUN" "lapply" "sapply" "p2p_function" "glim" 
"FUN" "lapply" "sapply" "p2p_function" "glim" 
"sum" "FUN" "lapply" "sapply" "p2p_function" "glim" 
"FUN" "lapply" "sapply" "p2p_function" "glim" 
"FUN" "lapply" "sapply" "p2p_function" "glim" 
"FUN" "lapply" "sapply" "p2p_function" "glim" 
"lapply" "sapply" "p2p_function" "glim" 
"lapply" "sapply" "p2p_function" "glim" 
"FUN" "lapply" "sapply" "p2p_function" "glim" 
"FUN" "lapply" "sapply" "p2p_function" "glim" 
"FUN" "lapply" "sapply" "p2p_function" "glim" 
"FUN" "lapply" "sapply" "p2p_function" "glim" 
"FUN" "lapply" "sapply" "p2p_function" "glim" 
"FUN" "lapply" "sapply" "p2p_function" "glim" 
"FUN" "lapply" "sapply" "p2p_function" "glim" 
"FUN" "lapply" "sapply" "p2p_function" "glim" 
"FUN" "lapply" "sapply" "p2p_function" "glim" 
"FUN" "lapply" "sapply" "p2p_function" "glim" 
"FUN" "lapply" "sapply" "p2p_function" "glim" 
"FUN" "lapply" "sapply" "p2p_function" "glim" 
"FUN" "lapply" "sapply" "p2p_function" "glim" 
"FUN" "lapply" "sapply" "p2p_function" "glim" 
"FUN" "lapply" "sapply" "p2p_function" "glim" 
"FUN" "lapply" "sapply" "p2p_function" "glim" 
"sum" "FUN" "lapply" "sapply" "p2p_function" "glim" 
"FUN" "lapply" "sapply" "p2p_function" "glim" 
"lapply" "sapply" "p2p_function" "glim" 
"sum" "FUN" "lapply" "sapply" "p2p_function" "glim" 
"FUN" "lapply" "sapply" "p2p_function" "glim" 
"FUN" "lapply" "sapply" "p2p_function" "glim" 
"FUN" "lapply" "sapply" "p2p_function" "glim" 
"FUN" "lapply" "sapply" "p2p_function" "glim" 
"FUN" "lapply" "sapply" "p2p_function" "glim" 
"sum" "FUN" "lapply" "sapply" "p2p_function" "glim" 
"sum" "FUN" "lapply" "sapply" "p2p_function" "glim" 
"FUN" "lapply" "sapply" "p2p_function" "glim" 
"sum" "FUN" "lapply" "sapply" "p2p_function" "glim" 
"sum" "FUN" "lapply" "sapply" "p2p_function" "glim" 
"FUN" "lapply" "sapply" "p2p_function" "glim" 
"sum" "FUN" "lapply" "sapply" "p2p_function" "glim" 
"FUN" "lapply" "sapply" "p2p_function" "glim" 
"FUN" "lapply" "sapply" "p2p_function" "glim" 
"FUN" "lapply" "sapply" "p2p_function" "glim" 
"FUN" "lapply" "sapply" "p2p_function" "glim" 
"sum" "FUN" "lapply" "sapply" "p2p_function" "glim" 
"FUN" "lapply" "sapply" "p2p_function" "glim" 
"FUN" "lapply" "sapply" "p2p_function" "glim" 
"sum" "FUN" "lapply" "sapply" "p2p_function" "glim" 
"FUN" "lapply" "sapply" "p2p_function" "glim" 
"FUN" "lapply" "sapply" "p2p_function" "glim" 
"FUN" "lapply" "sapply" "p2p_function" "glim" 
"sum" "FUN" "lapply" "sapply" "p2p_function" "glim" 
"lapply" "sapply" "p2p_function" "glim" 
"FUN" "lapply" "sapply" "p2p_function" "glim" 
"sum" "FUN" "lapply" "sapply" "p2p_function" "glim" 
"FUN" "lapply" "sapply" "p2p_function" "glim" 
"FUN" "lapply" "sapply" "p2p_function" "glim" 
"FUN" "lapply" "sapply" "p2p_function" "glim" 
"FUN" "lapply" "sapply" "p2p_function" "glim" 
"sum" "FUN" "lapply" "sapply" "p2p_function" "glim" 
"lapply" "sapply" "p2p_function" "glim" 
"lapply" "sapply" "p2p_function" "glim" 
"sum" "FUN" "lapply" "sapply" "p2p_function" "glim" 
"FUN" "lapply" "sapply" "p2p_function" "glim" 
"FUN" "lapply" "sapply" "p2p_function" "glim" 
"FUN" "lapply" "sapply" "p2p_function" "glim" 
"FUN" "lapply" "sapply" "p2p_function" "glim" 
"FUN" "lapply" "sapply" "p2p_function" "glim" 
"FUN" "lapply" "sapply" "p2p_function" "glim" 
"FUN" "lapply" "sapply" "p2p_function" "glim" 
"FUN" "lapply" "sapply" "p2p_function" "glim" 
"FUN" "lapply" "sapply" "p2p_function" "glim" 
"sum" "FUN" "lapply" "sapply" "p2p_function" "glim" 
"lapply" "sapply" "p2p_function" "glim" 
"FUN" "lapply" "sapply" "p2p_function" "glim" 
"FUN" "lapply" "sapply" "p2p_function" "glim" 
"FUN" "lapply" "sapply" "p2p_function" "glim" 
"lapply" "sapply" "p2p_function" "glim" 
"FUN" "lapply" "sapply" "p2p_function" "glim" 
"FUN" "lapply" "sapply" "p2p_function" "glim" 
"FUN" "lapply" "sapply" "p2p_function" "glim" 
"FUN" "lapply" "sapply" "p2p_function" "glim" 
"sum" "FUN" "lapply" "sapply" "p2p_function" "glim" 
"FUN" "lapply" "sapply" "p2p_function" "glim" 
"sum" "FUN" "lapply" "sapply" "p2p_function" "glim" 
"FUN" "lapply" "sapply" "p2p_function" "glim" 
"unique.default" "unique" "simplify2array" "sapply" "p2p_function" "glim" 
"tapply" "plot.glim_object" "plot" 
"factor" "FUN" "lapply" "tapply" "plot.glim_object" "plot" 
"factor" "FUN" "lapply" "tapply" "plot.glim_object" "plot" 
"factor" "FUN" "lapply" "tapply" "plot.glim_object" "plot" 
"factor" "FUN" "lapply" "tapply" "plot.glim_object" "plot" 
"factor" "FUN" "lapply" "tapply" "plot.glim_object" "plot" 
"factor" "FUN" "lapply" "tapply" "plot.glim_object" "plot" 
"factor" "FUN" "lapply" "tapply" "plot.glim_object" "plot" 
"factor" "FUN" "lapply" "tapply" "plot.glim_object" "plot" 
"factor" "FUN" "lapply" "tapply" "plot.glim_object" "plot" 
"factor" "FUN" "lapply" "tapply" "plot.glim_object" "plot" 
"factor" "FUN" "lapply" "tapply" "plot.glim_object" "plot" 
"factor" "FUN" "lapply" "tapply" "plot.glim_object" "plot" 
"factor" "FUN" "lapply" "tapply" "plot.glim_object" "plot" 
"factor" "FUN" "lapply" "tapply" "plot.glim_object" "plot" 
"factor" "FUN" "lapply" "tapply" "plot.glim_object" "plot" 
"factor" "FUN" "lapply" "tapply" "plot.glim_object" "plot" 
"factor" "FUN" "lapply" "tapply" "plot.glim_object" "plot" 
"factor" "FUN" "lapply" "tapply" "plot.glim_object" "plot" 
"factor" "FUN" "lapply" "tapply" "plot.glim_object" "plot" 
"factor" "FUN" "lapply" "tapply" "plot.glim_object" "plot" 
"split.default" "split" "tapply" "plot.glim_object" "plot" 
"tapply" "plot.glim_object" "plot" 
"factor" "FUN" "lapply" "tapply" "plot.glim_object" "plot" 
"factor" "FUN" "lapply" "tapply" "plot.glim_object" "plot" 
"factor" "FUN" "lapply" "tapply" "plot.glim_object" "plot" 
"factor" "FUN" "lapply" "tapply" "plot.glim_object" "plot" 
"factor" "FUN" "lapply" "tapply" "plot.glim_object" "plot" 
"factor" "FUN" "lapply" "tapply" "plot.glim_object" "plot" 
"factor" "FUN" "lapply" "tapply" "plot.glim_object" "plot" 
"factor" "FUN" "lapply" "tapply" "plot.glim_object" "plot" 
"factor" "FUN" "lapply" "tapply" "plot.glim_object" "plot" 
"factor" "FUN" "lapply" "tapply" "plot.glim_object" "plot" 
"factor" "FUN" "lapply" "tapply" "plot.glim_object" "plot" 
"factor" "FUN" "lapply" "tapply" "plot.glim_object" "plot" 
"factor" "FUN" "lapply" "tapply" "plot.glim_object" "plot" 
"factor" "FUN" "lapply" "tapply" "plot.glim_object" "plot" 
"factor" "FUN" "lapply" "tapply" "plot.glim_object" "plot" 
"factor" "FUN" "lapply" "tapply" "plot.glim_object" "plot" 
"factor" "FUN" "lapply" "tapply" "plot.glim_object" "plot" 
"plot.default" "plot.glim_object" "plot" 
"unique.default" "unique" "factor" "FUN" "lapply" "tapply" "plot.glim_object" "plot" 
"factor" "FUN" "lapply" "tapply" "plot.glim_object" "plot" 
"factor" "FUN" "lapply" "tapply" "plot.glim_object" "plot" 
"factor" "FUN" "lapply" "tapply" "plot.glim_object" "plot" 
"factor" "FUN" "lapply" "tapply" "plot.glim_object" "plot" 
"factor" "FUN" "lapply" "tapply" "plot.glim_object" "plot" 
"factor" "FUN" "lapply" "tapply" "plot.glim_object" "plot" 
"factor" "FUN" "lapply" "tapply" "plot.glim_object" "plot" 
"factor" "FUN" "lapply" "tapply" "plot.glim_object" "plot" 
"factor" "FUN" "lapply" "tapply" "plot.glim_object" "plot" 
"factor" "FUN" "lapply" "tapply" "plot.glim_object" "plot" 
"factor" "FUN" "lapply" "tapply" "plot.glim_object" "plot" 
"factor" "FUN" "lapply" "tapply" "plot.glim_object" "plot" 
"factor" "FUN" "lapply" "tapply" "plot.glim_object" "plot" 
"factor" "FUN" "lapply" "tapply" "plot.glim_object" "plot" 
"factor" "FUN" "lapply" "tapply" "plot.glim_object" "plot" 
"factor" "FUN" "lapply" "tapply" "plot.glim_object" "plot" 
".External2" "doTryCatch" "tryCatchOne" "tryCatchList" "tryCatch" "grDevices::replayPlot" "withCallingHandlers" "suppressWarnings" "with_graphics_device" ".ps.graphics.render_plot_from_recording" ".External" "dev.flush" "plot.default" "plot.glim_object" "plot" 
"unique.default" "unique" "factor" "FUN" "lapply" "tapply" "plot.glim_object" "plot" 
"factor" "FUN" "lapply" "tapply" "plot.glim_object" "plot" 
"factor" "FUN" "lapply" "tapply" "plot.glim_object" "plot" 
"factor" "FUN" "lapply" "tapply" "plot.glim_object" "plot" 
"factor" "FUN" "lapply" "tapply" "plot.glim_object" "plot" 
"factor" "FUN" "lapply" "tapply" "plot.glim_object" "plot" 
"factor" "FUN" "lapply" "tapply" "plot.glim_object" "plot" 
"factor" "FUN" "lapply" "tapply" "plot.glim_object" "plot" 
"factor" "FUN" "lapply" "tapply" "plot.glim_object" "plot" 
"factor" "FUN" "lapply" "tapply" "plot.glim_object" "plot" 
"factor" "FUN" "lapply" "tapply" "plot.glim_object" "plot" 
"factor" "FUN" "lapply" "tapply" "plot.glim_object" "plot" 
"factor" "FUN" "lapply" "tapply" "plot.glim_object" "plot" 
"factor" "FUN" "lapply" "tapply" "plot.glim_object" "plot" 
"factor" "FUN" "lapply" "tapply" "plot.glim_object" "plot" 
"factor" "FUN" "lapply" "tapply" "plot.glim_object" "plot" 
"factor" "FUN" "lapply" "tapply" "plot.glim_object" "plot" 
"as.integer" "tapply" "plot.glim_object" "plot" 
".External" "grDevices::dev.off" "...elt" "withVisible" "utils::capture.output" "<Anonymous>" "with_graphics_device" ".ps.graphics.render_plot_from_recording" ".External" "dev.flush" "plot.default" "plot.glim_object" "plot" 
