sample.interval=20000
"print.default" "print" "glim_raw" "glim" 
"print.default" "print" "glim_raw" "glim" 
"fit_glm_omp_cpp" "glim_raw" "glim" 
"fit_glm_omp_cpp" "glim_raw" "glim" 
"fit_glm_omp_cpp" "glim_raw" "glim" 
"fit_glm_omp_cpp" "glim_raw" "glim" 
"fit_glm_omp_cpp" "glim_raw" "glim" 
"fit_glm_omp_cpp" "glim_raw" "glim" 
"fit_glm_omp_cpp" "glim_raw" "glim" 
"fit_glm_omp_cpp" "glim_raw" "glim" 
"fit_glm_omp_cpp" "glim_raw" "glim" 
"fit_glm_omp_cpp" "glim_raw" "glim" 
"fit_glm_omp_cpp" "glim_raw" "glim" 
"fit_glm_omp_cpp" "glim_raw" "glim" 
"fit_glm_omp_cpp" "glim_raw" "glim" 
"fit_glm_omp_cpp" "glim_raw" "glim" 
"fit_glm_omp_cpp" "glim_raw" "glim" 
"fit_glm_omp_cpp" "glim_raw" "glim" 
"fit_glm_omp_cpp" "glim_raw" "glim" 
"fit_glm_omp_cpp" "glim_raw" "glim" 
"fit_glm_omp_cpp" "glim_raw" "glim" 
"fit_glm_omp_cpp" "glim_raw" "glim" 
"fit_glm_omp_cpp" "glim_raw" "glim" 
"fit_glm_omp_cpp" "glim_raw" "glim" 
"fit_glm_omp_cpp" "glim_raw" "glim" 
"fit_glm_omp_cpp" "glim_raw" "glim" 
"fit_glm_omp_cpp" "glim_raw" "glim" 
"fit_glm_omp_cpp" "glim_raw" "glim" 
"fit_glm_omp_cpp" "glim_raw" "glim" 
"fit_glm_omp_cpp" "glim_raw" "glim" 
"fit_glm_omp_cpp" "glim_raw" "glim" 
"fit_glm_omp_cpp" "glim_raw" "glim" 
"fit_glm_omp_cpp" "glim_raw" "glim" 
"fit_glm_omp_cpp" "glim_raw" "glim" 
"fit_glm_omp_cpp" "glim_raw" "glim" 
"fit_glm_omp_cpp" "glim_raw" "glim" 
"fit_glm_omp_cpp" "glim_raw" "glim" 
"fit_glm_omp_cpp" "glim_raw" "glim" 
"fit_glm_omp_cpp" "glim_raw" "glim" 
"fit_glm_omp_cpp" "glim_raw" "glim" 
"fit_glm_omp_cpp" "glim_raw" "glim" 
"fit_glm_omp_cpp" "glim_raw" "glim" 
"fit_glm_omp_cpp" "glim_raw" "glim" 
"fit_glm_omp_cpp" "glim_raw" "glim" 
"fit_glm_omp_cpp" "glim_raw" "glim" 
"fit_glm_omp_cpp" "glim_raw" "glim" 
"fit_glm_omp_cpp" "glim_raw" "glim" 
"fit_glm_omp_cpp" "glim_raw" "glim" 
"fit_glm_omp_cpp" "glim_raw" "glim" 
"fit_glm_omp_cpp" "glim_raw" "glim" 
"fit_glm_omp_cpp" "glim_raw" "glim" 
"fit_glm_omp_cpp" "glim_raw" "glim" 
"fit_glm_omp_cpp" "glim_raw" "glim" 
"fit_glm_omp_cpp" "glim_raw" "glim" 
"fit_glm_omp_cpp" "glim_raw" "glim" 
"fit_glm_omp_cpp" "glim_raw" "glim" 
"fit_glm_omp_cpp" "glim_raw" "glim" 
"fit_glm_omp_cpp" "glim_raw" "glim" 
"fit_glm_omp_cpp" "glim_raw" "glim" 
"fit_glm_omp_cpp" "glim_raw" "glim" 
"fit_glm_omp_cpp" "glim_raw" "glim" 
"fit_glm_omp_cpp" "glim_raw" "glim" 
"fit_glm_omp_cpp" "glim_raw" "glim" 
"fit_glm_omp_cpp" "glim_raw" "glim" 
"fit_glm_omp_cpp" "glim_raw" "glim" 
"fit_glm_omp_cpp" "glim_raw" "glim" 
"fit_glm_omp_cpp" "glim_raw" "glim" 
"fit_glm_omp_cpp" "glim_raw" "glim" 
"fit_glm_omp_cpp" "glim_raw" "glim" 
"fit_glm_omp_cpp" "glim_raw" "glim" 
"fit_glm_omp_cpp" "glim_raw" "glim" 
"fit_glm_omp_cpp" "glim_raw" "glim" 
"fit_glm_omp_cpp" "glim_raw" "glim" 
"fit_glm_omp_cpp" "glim_raw" "glim" 
"fit_glm_omp_cpp" "glim_raw" "glim" 
"fit_glm_omp_cpp" "glim_raw" "glim" 
"fit_glm_omp_cpp" "glim_raw" "glim" 
"fit_glm_omp_cpp" "glim_raw" "glim" 
"fit_glm_omp_cpp" "glim_raw" "glim" 
"fit_glm_omp_cpp" "glim_raw" "glim" 
"fit_glm_omp_cpp" "glim_raw" "glim" 
"fit_glm_omp_cpp" "glim_raw" "glim" 
"fit_glm_omp_cpp" "glim_raw" "glim" 
"fit_glm_omp_cpp" "glim_raw" "glim" 
"fit_glm_omp_cpp" "glim_raw" "glim" 
"fit_glm_omp_cpp" "glim_raw" "glim" 
"fit_glm_omp_cpp" "glim_raw" "glim" 
"fit_glm_omp_cpp" "glim_raw" "glim" 
"fit_glm_omp_cpp" "glim_raw" "glim" 
"fit_glm_omp_cpp" "glim_raw" "glim" 
"fit_glm_omp_cpp" "glim_raw" "glim" 
"fit_glm_omp_cpp" "glim_raw" "glim" 
"fit_glm_omp_cpp" "glim_raw" "glim" 
"fit_glm_omp_cpp" "glim_raw" "glim" 
"fit_glm_omp_cpp" "glim_raw" "glim" 
"fit_glm_omp_cpp" "glim_raw" "glim" 
"fit_glm_omp_cpp" "glim_raw" "glim" 
"fit_glm_omp_cpp" "glim_raw" "glim" 
"fit_glm_omp_cpp" "glim_raw" "glim" 
"fit_glm_omp_cpp" "glim_raw" "glim" 
"fit_glm_omp_cpp" "glim_raw" "glim" 
"fit_glm_omp_cpp" "glim_raw" "glim" 
"fit_glm_omp_cpp" "glim_raw" "glim" 
"fit_glm_omp_cpp" "glim_raw" "glim" 
"fit_glm_omp_cpp" "glim_raw" "glim" 
"fit_glm_omp_cpp" "glim_raw" "glim" 
"fit_glm_omp_cpp" "glim_raw" "glim" 
"fit_glm_omp_cpp" "glim_raw" "glim" 
"fit_glm_omp_cpp" "glim_raw" "glim" 
"fit_glm_omp_cpp" "glim_raw" "glim" 
"fit_glm_omp_cpp" "glim_raw" "glim" 
"fit_glm_omp_cpp" "glim_raw" "glim" 
"fit_glm_omp_cpp" "glim_raw" "glim" 
"fit_glm_omp_cpp" "glim_raw" "glim" 
"fit_glm_omp_cpp" "glim_raw" "glim" 
"fit_glm_omp_cpp" "glim_raw" "glim" 
"fit_glm_omp_cpp" "glim_raw" "glim" 
"fit_glm_omp_cpp" "glim_raw" "glim" 
"fit_glm_omp_cpp" "glim_raw" "glim" 
"fit_glm_omp_cpp" "glim_raw" "glim" 
"fit_glm_omp_cpp" "glim_raw" "glim" 
"fit_glm_omp_cpp" "glim_raw" "glim" 
"fit_glm_omp_cpp" "glim_raw" "glim" 
"fit_glm_omp_cpp" "glim_raw" "glim" 
"fit_glm_omp_cpp" "glim_raw" "glim" 
"fit_glm_omp_cpp" "glim_raw" "glim" 
"fit_glm_omp_cpp" "glim_raw" "glim" 
"fit_glm_omp_cpp" "glim_raw" "glim" 
"fit_glm_omp_cpp" "glim_raw" "glim" 
"fit_glm_omp_cpp" "glim_raw" "glim" 
"fit_glm_omp_cpp" "glim_raw" "glim" 
"fit_glm_omp_cpp" "glim_raw" "glim" 
"fit_glm_omp_cpp" "glim_raw" "glim" 
"fit_glm_omp_cpp" "glim_raw" "glim" 
"fit_glm_omp_cpp" "glim_raw" "glim" 
"fit_glm_omp_cpp" "glim_raw" "glim" 
"fit_glm_omp_cpp" "glim_raw" "glim" 
"fit_glm_omp_cpp" "glim_raw" "glim" 
"fit_glm_omp_cpp" "glim_raw" "glim" 
"fit_glm_omp_cpp" "glim_raw" "glim" 
"fit_glm_omp_cpp" "glim_raw" "glim" 
"fit_glm_omp_cpp" "glim_raw" "glim" 
"fit_glm_omp_cpp" "glim_raw" "glim" 
"fit_glm_omp_cpp" "glim_raw" "glim" 
"fit_glm_omp_cpp" "glim_raw" "glim" 
"fit_glm_omp_cpp" "glim_raw" "glim" 
"fit_glm_omp_cpp" "glim_raw" "glim" 
"fit_glm_omp_cpp" "glim_raw" "glim" 
"fit_glm_omp_cpp" "glim_raw" "glim" 
"fit_glm_omp_cpp" "glim_raw" "glim" 
"fit_glm_omp_cpp" "glim_raw" "glim" 
"fit_glm_omp_cpp" "glim_raw" "glim" 
"fit_glm_omp_cpp" "glim_raw" "glim" 
"fit_glm_omp_cpp" "glim_raw" "glim" 
"fit_glm_omp_cpp" "glim_raw" "glim" 
"fit_glm_omp_cpp" "glim_raw" "glim" 
"fit_glm_omp_cpp" "glim_raw" "glim" 
"fit_glm_omp_cpp" "glim_raw" "glim" 
"fit_glm_omp_cpp" "glim_raw" "glim" 
"fit_glm_omp_cpp" "glim_raw" "glim" 
"fit_glm_omp_cpp" "glim_raw" "glim" 
"fit_glm_omp_cpp" "glim_raw" "glim" 
"fit_glm_omp_cpp" "glim_raw" "glim" 
"fit_glm_omp_cpp" "glim_raw" "glim" 
"fit_glm_omp_cpp" "glim_raw" "glim" 
"fit_glm_omp_cpp" "glim_raw" "glim" 
"fit_glm_omp_cpp" "glim_raw" "glim" 
"fit_glm_omp_cpp" "glim_raw" "glim" 
"fit_glm_omp_cpp" "glim_raw" "glim" 
"fit_glm_omp_cpp" "glim_raw" "glim" 
"fit_glm_omp_cpp" "glim_raw" "glim" 
"fit_glm_omp_cpp" "glim_raw" "glim" 
"fit_glm_omp_cpp" "glim_raw" "glim" 
"fit_glm_omp_cpp" "glim_raw" "glim" 
"fit_glm_omp_cpp" "glim_raw" "glim" 
"fit_glm_omp_cpp" "glim_raw" "glim" 
"fit_glm_omp_cpp" "glim_raw" "glim" 
"fit_glm_omp_cpp" "glim_raw" "glim" 
"fit_glm_omp_cpp" "glim_raw" "glim" 
"fit_glm_omp_cpp" "glim_raw" "glim" 
"fit_glm_omp_cpp" "glim_raw" "glim" 
"fit_glm_omp_cpp" "glim_raw" "glim" 
"fit_glm_omp_cpp" "glim_raw" "glim" 
"fit_glm_omp_cpp" "glim_raw" "glim" 
"fit_glm_omp_cpp" "glim_raw" "glim" 
"fit_glm_omp_cpp" "glim_raw" "glim" 
"fit_glm_omp_cpp" "glim_raw" "glim" 
"fit_glm_omp_cpp" "glim_raw" "glim" 
"fit_glm_omp_cpp" "glim_raw" "glim" 
"fit_glm_omp_cpp" "glim_raw" "glim" 
"fit_glm_omp_cpp" "glim_raw" "glim" 
"fit_glm_omp_cpp" "glim_raw" "glim" 
"fit_glm_omp_cpp" "glim_raw" "glim" 
"fit_glm_omp_cpp" "glim_raw" "glim" 
"fit_glm_omp_cpp" "glim_raw" "glim" 
"fit_glm_omp_cpp" "glim_raw" "glim" 
"fit_glm_omp_cpp" "glim_raw" "glim" 
"fit_glm_omp_cpp" "glim_raw" "glim" 
"fit_glm_omp_cpp" "glim_raw" "glim" 
"fit_glm_omp_cpp" "glim_raw" "glim" 
"fit_glm_omp_cpp" "glim_raw" "glim" 
"fit_glm_omp_cpp" "glim_raw" "glim" 
"fit_glm_omp_cpp" "glim_raw" "glim" 
"fit_glm_omp_cpp" "glim_raw" "glim" 
"fit_glm_omp_cpp" "glim_raw" "glim" 
"fit_glm_omp_cpp" "glim_raw" "glim" 
"fit_glm_omp_cpp" "glim_raw" "glim" 
"fit_glm_omp_cpp" "glim_raw" "glim" 
"fit_glm_omp_cpp" "glim_raw" "glim" 
"fit_glm_omp_cpp" "glim_raw" "glim" 
"fit_glm_omp_cpp" "glim_raw" "glim" 
"fit_glm_omp_cpp" "glim_raw" "glim" 
"fit_glm_omp_cpp" "glim_raw" "glim" 
"fit_glm_omp_cpp" "glim_raw" "glim" 
"fit_glm_omp_cpp" "glim_raw" "glim" 
"fit_glm_omp_cpp" "glim_raw" "glim" 
"fit_glm_omp_cpp" "glim_raw" "glim" 
"fit_glm_omp_cpp" "glim_raw" "glim" 
"fit_glm_omp_cpp" "glim_raw" "glim" 
"fit_glm_omp_cpp" "glim_raw" "glim" 
"fit_glm_omp_cpp" "glim_raw" "glim" 
"fit_glm_omp_cpp" "glim_raw" "glim" 
"fit_glm_omp_cpp" "glim_raw" "glim" 
"fit_glm_omp_cpp" "glim_raw" "glim" 
"find.package" "index.search" "utils::help" ".External2" "inject" "help" "help" ".ps.help.getHtmlHelpContents" "fit_glm_omp_cpp" "glim_raw" "glim" 
"readRDS" "doTryCatch" "tryCatchOne" "tryCatchList" "tryCatch" "FUN" "lapply" "find.package" "index.search" "utils::help" ".External2" "inject" "help" "help" ".ps.help.getHtmlHelpContents" "fit_glm_omp_cpp" "glim_raw" "glim" 
"c" "apply" "find.package" "index.search" "utils::help" ".External2" "inject" "help" "help" ".ps.help.getHtmlHelpContents" "fit_glm_omp_cpp" "glim_raw" "glim" 
"apply" "find.package" "index.search" "utils::help" ".External2" "inject" "help" "help" ".ps.help.getHtmlHelpContents" "fit_glm_omp_cpp" "glim_raw" "glim" 
"readRDS" "doTryCatch" "tryCatchOne" "tryCatchList" "tryCatch" "FUN" "lapply" "find.package" "index.search" "utils::help" ".External2" "inject" "help" "help" ".ps.help.getHtmlHelpContents" "fit_glm_omp_cpp" "glim_raw" "glim" 
"readRDS" "doTryCatch" "tryCatchOne" "tryCatchList" "tryCatch" "FUN" "lapply" "find.package" "index.search" "utils::help" ".External2" "inject" "help" "help" ".ps.help.getHtmlHelpContents" "fit_glm_omp_cpp" "glim_raw" "glim" 
"readRDS" "doTryCatch" "tryCatchOne" "tryCatchList" "tryCatch" "FUN" "lapply" "find.package" "index.search" "utils::help" ".External2" "inject" "help" "help" ".ps.help.getHtmlHelpContents" "fit_glm_omp_cpp" "glim_raw" "glim" 
"unique" "find.package" "index.search" "utils::help" ".External2" "inject" "help" "help" ".ps.help.getHtmlHelpContents" "fit_glm_omp_cpp" "glim_raw" "glim" 
"is.na" "apply" "find.package" "index.search" "utils::help" ".External2" "inject" "help" "help" ".ps.help.getHtmlHelpContents" "fit_glm_omp_cpp" "glim_raw" "glim" 
"readRDS" "doTryCatch" "tryCatchOne" "tryCatchList" "tryCatch" "FUN" "lapply" "find.package" "index.search" "utils::help" ".External2" "inject" "help" "help" ".ps.help.getHtmlHelpContents" "fit_glm_omp_cpp" "glim_raw" "glim" 
"FUN" "lapply" "find.package" "index.search" "utils::help" ".External2" "inject" "help" "help" ".ps.help.getHtmlHelpContents" "fit_glm_omp_cpp" "glim_raw" "glim" 
"readRDS" "index.search" "utils::help" ".External2" "inject" "help" "help" ".ps.help.getHtmlHelpContents" "fit_glm_omp_cpp" "glim_raw" "glim" 
"readRDS" "index.search" "utils::help" ".External2" "inject" "help" "help" ".ps.help.getHtmlHelpContents" "fit_glm_omp_cpp" "glim_raw" "glim" 
"readRDS" "index.search" "utils::help" ".External2" "inject" "help" "help" ".ps.help.getHtmlHelpContents" "fit_glm_omp_cpp" "glim_raw" "glim" 
"gzfile" "readRDS" "index.search" "utils::help" ".External2" "inject" "help" "help" ".ps.help.getHtmlHelpContents" "fit_glm_omp_cpp" "glim_raw" "glim" 
"readRDS" "index.search" "utils::help" ".External2" "inject" "help" "help" ".ps.help.getHtmlHelpContents" "fit_glm_omp_cpp" "glim_raw" "glim" 
"readRDS" "index.search" "utils::help" ".External2" "inject" "help" "help" ".ps.help.getHtmlHelpContents" "fit_glm_omp_cpp" "glim_raw" "glim" 
"readRDS" "lazyLoadDBexec" "tools:::fetchRdDB" "utils:::.getHelpFile" "getHtmlHelpContentsInstalled" ".ps.help.getHtmlHelpContents" "fit_glm_omp_cpp" "glim_raw" "glim" 
"attr" "prepare_Rd" "tools::Rd2HTML" "getHtmlHelpContentsInstalled" ".ps.help.getHtmlHelpContents" "fit_glm_omp_cpp" "glim_raw" "glim" 
"vapply" "urlify" "addh" "HTMLcomponents" "tools::Rd2HTML" "getHtmlHelpContentsInstalled" ".ps.help.getHtmlHelpContents" "fit_glm_omp_cpp" "glim_raw" "glim" 
"vhtmlify" "force" "of1" "writeBlock" "writeContent" "writeWrapped" "writeBlock" "writeContent" "writeSection" "tools::Rd2HTML" "getHtmlHelpContentsInstalled" ".ps.help.getHtmlHelpContents" "fit_glm_omp_cpp" "glim_raw" "glim" 
"simplify2array" "RdTags" "%in%" "writeSection" "tools::Rd2HTML" "getHtmlHelpContentsInstalled" ".ps.help.getHtmlHelpContents" "fit_glm_omp_cpp" "glim_raw" "glim" 
"simplify2array" "RdTags" "%in%" "writeSection" "tools::Rd2HTML" "getHtmlHelpContentsInstalled" ".ps.help.getHtmlHelpContents" "fit_glm_omp_cpp" "glim_raw" "glim" 
"simplify2array" "RdTags" "writeContent" "writeSection" "tools::Rd2HTML" "getHtmlHelpContentsInstalled" ".ps.help.getHtmlHelpContents" "fit_glm_omp_cpp" "glim_raw" "glim" 
"gsub" "fsub" "htmlify" "utils:::getSrcByte" "addParaBreaks" "force" "of1" "writeBlock" "writeContent" "writeSection" "tools::Rd2HTML" "getHtmlHelpContentsInstalled" ".ps.help.getHtmlHelpContents" "fit_glm_omp_cpp" "glim_raw" "glim" 
"writeLink" "writeBlock" "writeContent" "writeWrapped" "writeBlock" "writeContent" "writeSection" "tools::Rd2HTML" "getHtmlHelpContentsInstalled" ".ps.help.getHtmlHelpContents" "fit_glm_omp_cpp" "glim_raw" "glim" 
"of1" "writeSection" "tools::Rd2HTML" "getHtmlHelpContentsInstalled" ".ps.help.getHtmlHelpContents" "fit_glm_omp_cpp" "glim_raw" "glim" 
"fit_glm_omp_cpp" "glim_raw" "glim" 
"fit_glm_omp_cpp" "glim_raw" "glim" 
"fit_glm_omp_cpp" "glim_raw" "glim" 
"fit_glm_omp_cpp" "glim_raw" "glim" 
"fit_glm_omp_cpp" "glim_raw" "glim" 
"fit_glm_omp_cpp" "glim_raw" "glim" 
"fit_glm_omp_cpp" "glim_raw" "glim" 
"fit_glm_omp_cpp" "glim_raw" "glim" 
"fit_glm_omp_cpp" "glim_raw" "glim" 
"fit_glm_omp_cpp" "glim_raw" "glim" 
"fit_glm_omp_cpp" "glim_raw" "glim" 
"fit_glm_omp_cpp" "glim_raw" "glim" 
"fit_glm_omp_cpp" "glim_raw" "glim" 
"fit_glm_omp_cpp" "glim_raw" "glim" 
"fit_glm_omp_cpp" "glim_raw" "glim" 
"fit_glm_omp_cpp" "glim_raw" "glim" 
"fit_glm_omp_cpp" "glim_raw" "glim" 
"fit_glm_omp_cpp" "glim_raw" "glim" 
"fit_glm_omp_cpp" "glim_raw" "glim" 
"fit_glm_omp_cpp" "glim_raw" "glim" 
"fit_glm_omp_cpp" "glim_raw" "glim" 
"fit_glm_omp_cpp" "glim_raw" "glim" 
"fit_glm_omp_cpp" "glim_raw" "glim" 
"fit_glm_omp_cpp" "glim_raw" "glim" 
"fit_glm_omp_cpp" "glim_raw" "glim" 
"fit_glm_omp_cpp" "glim_raw" "glim" 
"fit_glm_omp_cpp" "glim_raw" "glim" 
"fit_glm_omp_cpp" "glim_raw" "glim" 
"fit_glm_omp_cpp" "glim_raw" "glim" 
"fit_glm_omp_cpp" "glim_raw" "glim" 
"fit_glm_omp_cpp" "glim_raw" "glim" 
"fit_glm_omp_cpp" "glim_raw" "glim" 
"fit_glm_omp_cpp" "glim_raw" "glim" 
"fit_glm_omp_cpp" "glim_raw" "glim" 
"fit_glm_omp_cpp" "glim_raw" "glim" 
"fit_glm_omp_cpp" "glim_raw" "glim" 
"fit_glm_omp_cpp" "glim_raw" "glim" 
"fit_glm_omp_cpp" "glim_raw" "glim" 
"fit_glm_omp_cpp" "glim_raw" "glim" 
"fit_glm_omp_cpp" "glim_raw" "glim" 
"fit_glm_omp_cpp" "glim_raw" "glim" 
"fit_glm_omp_cpp" "glim_raw" "glim" 
"fit_glm_omp_cpp" "glim_raw" "glim" 
"fit_glm_omp_cpp" "glim_raw" "glim" 
"fit_glm_omp_cpp" "glim_raw" "glim" 
"fit_glm_omp_cpp" "glim_raw" "glim" 
"fit_glm_omp_cpp" "glim_raw" "glim" 
"fit_glm_omp_cpp" "glim_raw" "glim" 
"fit_glm_omp_cpp" "glim_raw" "glim" 
"fit_glm_omp_cpp" "glim_raw" "glim" 
"fit_glm_omp_cpp" "glim_raw" "glim" 
"fit_glm_omp_cpp" "glim_raw" "glim" 
"fit_glm_omp_cpp" "glim_raw" "glim" 
"fit_glm_omp_cpp" "glim_raw" "glim" 
"fit_glm_omp_cpp" "glim_raw" "glim" 
"fit_glm_omp_cpp" "glim_raw" "glim" 
"fit_glm_omp_cpp" "glim_raw" "glim" 
"fit_glm_omp_cpp" "glim_raw" "glim" 
"fit_glm_omp_cpp" "glim_raw" "glim" 
"fit_glm_omp_cpp" "glim_raw" "glim" 
"fit_glm_omp_cpp" "glim_raw" "glim" 
"fit_glm_omp_cpp" "glim_raw" "glim" 
"fit_glm_omp_cpp" "glim_raw" "glim" 
"fit_glm_omp_cpp" "glim_raw" "glim" 
"fit_glm_omp_cpp" "glim_raw" "glim" 
"fit_glm_omp_cpp" "glim_raw" "glim" 
"fit_glm_omp_cpp" "glim_raw" "glim" 
"fit_glm_omp_cpp" "glim_raw" "glim" 
"fit_glm_omp_cpp" "glim_raw" "glim" 
"fit_glm_omp_cpp" "glim_raw" "glim" 
"fit_glm_omp_cpp" "glim_raw" "glim" 
"fit_glm_omp_cpp" "glim_raw" "glim" 
"fit_glm_omp_cpp" "glim_raw" "glim" 
"fit_glm_omp_cpp" "glim_raw" "glim" 
"fit_glm_omp_cpp" "glim_raw" "glim" 
"fit_glm_omp_cpp" "glim_raw" "glim" 
"fit_glm_omp_cpp" "glim_raw" "glim" 
"fit_glm_omp_cpp" "glim_raw" "glim" 
"fit_glm_omp_cpp" "glim_raw" "glim" 
"fit_glm_omp_cpp" "glim_raw" "glim" 
"fit_glm_omp_cpp" "glim_raw" "glim" 
"fit_glm_omp_cpp" "glim_raw" "glim" 
"fit_glm_omp_cpp" "glim_raw" "glim" 
"fit_glm_omp_cpp" "glim_raw" "glim" 
"fit_glm_omp_cpp" "glim_raw" "glim" 
"fit_glm_omp_cpp" "glim_raw" "glim" 
"fit_glm_omp_cpp" "glim_raw" "glim" 
"fit_glm_omp_cpp" "glim_raw" "glim" 
"fit_glm_omp_cpp" "glim_raw" "glim" 
"fit_glm_omp_cpp" "glim_raw" "glim" 
"fit_glm_omp_cpp" "glim_raw" "glim" 
"fit_glm_omp_cpp" "glim_raw" "glim" 
"fit_glm_omp_cpp" "glim_raw" "glim" 
"fit_glm_omp_cpp" "glim_raw" "glim" 
"fit_glm_omp_cpp" "glim_raw" "glim" 
"fit_glm_omp_cpp" "glim_raw" "glim" 
"fit_glm_omp_cpp" "glim_raw" "glim" 
"fit_glm_omp_cpp" "glim_raw" "glim" 
"fit_glm_omp_cpp" "glim_raw" "glim" 
"fit_glm_omp_cpp" "glim_raw" "glim" 
"fit_glm_omp_cpp" "glim_raw" "glim" 
"fit_glm_omp_cpp" "glim_raw" "glim" 
"fit_glm_omp_cpp" "glim_raw" "glim" 
"fit_glm_omp_cpp" "glim_raw" "glim" 
"fit_glm_omp_cpp" "glim_raw" "glim" 
"fit_glm_omp_cpp" "glim_raw" "glim" 
"fit_glm_omp_cpp" "glim_raw" "glim" 
"fit_glm_omp_cpp" "glim_raw" "glim" 
"fit_glm_omp_cpp" "glim_raw" "glim" 
"fit_glm_omp_cpp" "glim_raw" "glim" 
"fit_glm_omp_cpp" "glim_raw" "glim" 
"fit_glm_omp_cpp" "glim_raw" "glim" 
"fit_glm_omp_cpp" "glim_raw" "glim" 
"fit_glm_omp_cpp" "glim_raw" "glim" 
"fit_glm_omp_cpp" "glim_raw" "glim" 
"fit_glm_omp_cpp" "glim_raw" "glim" 
"fit_glm_omp_cpp" "glim_raw" "glim" 
"fit_glm_omp_cpp" "glim_raw" "glim" 
"fit_glm_omp_cpp" "glim_raw" "glim" 
"fit_glm_omp_cpp" "glim_raw" "glim" 
"fit_glm_omp_cpp" "glim_raw" "glim" 
"fit_glm_omp_cpp" "glim_raw" "glim" 
"fit_glm_omp_cpp" "glim_raw" "glim" 
"fit_glm_omp_cpp" "glim_raw" "glim" 
"fit_glm_omp_cpp" "glim_raw" "glim" 
"fit_glm_omp_cpp" "glim_raw" "glim" 
"fit_glm_omp_cpp" "glim_raw" "glim" 
"fit_glm_omp_cpp" "glim_raw" "glim" 
"fit_glm_omp_cpp" "glim_raw" "glim" 
"fit_glm_omp_cpp" "glim_raw" "glim" 
"fit_glm_omp_cpp" "glim_raw" "glim" 
"fit_glm_omp_cpp" "glim_raw" "glim" 
"fit_glm_omp_cpp" "glim_raw" "glim" 
"fit_glm_omp_cpp" "glim_raw" "glim" 
"fit_glm_omp_cpp" "glim_raw" "glim" 
"fit_glm_omp_cpp" "glim_raw" "glim" 
"fit_glm_omp_cpp" "glim_raw" "glim" 
"fit_glm_omp_cpp" "glim_raw" "glim" 
"fit_glm_omp_cpp" "glim_raw" "glim" 
"fit_glm_omp_cpp" "glim_raw" "glim" 
"fit_glm_omp_cpp" "glim_raw" "glim" 
"fit_glm_omp_cpp" "glim_raw" "glim" 
"fit_glm_omp_cpp" "glim_raw" "glim" 
"fit_glm_omp_cpp" "glim_raw" "glim" 
"fit_glm_omp_cpp" "glim_raw" "glim" 
"fit_glm_omp_cpp" "glim_raw" "glim" 
"fit_glm_omp_cpp" "glim_raw" "glim" 
"fit_glm_omp_cpp" "glim_raw" "glim" 
"fit_glm_omp_cpp" "glim_raw" "glim" 
"fit_glm_omp_cpp" "glim_raw" "glim" 
"fit_glm_omp_cpp" "glim_raw" "glim" 
"fit_glm_omp_cpp" "glim_raw" "glim" 
"fit_glm_omp_cpp" "glim_raw" "glim" 
"fit_glm_omp_cpp" "glim_raw" "glim" 
"fit_glm_omp_cpp" "glim_raw" "glim" 
"fit_glm_omp_cpp" "glim_raw" "glim" 
"fit_glm_omp_cpp" "glim_raw" "glim" 
"fit_glm_omp_cpp" "glim_raw" "glim" 
"fit_glm_omp_cpp" "glim_raw" "glim" 
"fit_glm_omp_cpp" "glim_raw" "glim" 
"fit_glm_omp_cpp" "glim_raw" "glim" 
"fit_glm_omp_cpp" "glim_raw" "glim" 
"fit_glm_omp_cpp" "glim_raw" "glim" 
"fit_glm_omp_cpp" "glim_raw" "glim" 
"fit_glm_omp_cpp" "glim_raw" "glim" 
"fit_glm_omp_cpp" "glim_raw" "glim" 
"fit_glm_omp_cpp" "glim_raw" "glim" 
"fit_glm_omp_cpp" "glim_raw" "glim" 
"fit_glm_omp_cpp" "glim_raw" "glim" 
"fit_glm_omp_cpp" "glim_raw" "glim" 
"fit_glm_omp_cpp" "glim_raw" "glim" 
"fit_glm_omp_cpp" "glim_raw" "glim" 
"fit_glm_omp_cpp" "glim_raw" "glim" 
"fit_glm_omp_cpp" "glim_raw" "glim" 
"fit_glm_omp_cpp" "glim_raw" "glim" 
"fit_glm_omp_cpp" "glim_raw" "glim" 
"fit_glm_omp_cpp" "glim_raw" "glim" 
"fit_glm_omp_cpp" "glim_raw" "glim" 
"fit_glm_omp_cpp" "glim_raw" "glim" 
"fit_glm_omp_cpp" "glim_raw" "glim" 
"fit_glm_omp_cpp" "glim_raw" "glim" 
"fit_glm_omp_cpp" "glim_raw" "glim" 
"fit_glm_omp_cpp" "glim_raw" "glim" 
"fit_glm_omp_cpp" "glim_raw" "glim" 
"fit_glm_omp_cpp" "glim_raw" "glim" 
"fit_glm_omp_cpp" "glim_raw" "glim" 
"fit_glm_omp_cpp" "glim_raw" "glim" 
"fit_glm_omp_cpp" "glim_raw" "glim" 
"fit_glm_omp_cpp" "glim_raw" "glim" 
"fit_glm_omp_cpp" "glim_raw" "glim" 
"fit_glm_omp_cpp" "glim_raw" "glim" 
"fit_glm_omp_cpp" "glim_raw" "glim" 
"fit_glm_omp_cpp" "glim_raw" "glim" 
"fit_glm_omp_cpp" "glim_raw" "glim" 
"fit_glm_omp_cpp" "glim_raw" "glim" 
"fit_glm_omp_cpp" "glim_raw" "glim" 
"fit_glm_omp_cpp" "glim_raw" "glim" 
"fit_glm_omp_cpp" "glim_raw" "glim" 
"fit_glm_omp_cpp" "glim_raw" "glim" 
"fit_glm_omp_cpp" "glim_raw" "glim" 
"fit_glm_omp_cpp" "glim_raw" "glim" 
"fit_glm_omp_cpp" "glim_raw" "glim" 
"fit_glm_omp_cpp" "glim_raw" "glim" 
"fit_glm_omp_cpp" "glim_raw" "glim" 
"fit_glm_omp_cpp" "glim_raw" "glim" 
"fit_glm_omp_cpp" "glim_raw" "glim" 
"fit_glm_omp_cpp" "glim_raw" "glim" 
"fit_glm_omp_cpp" "glim_raw" "glim" 
"fit_glm_omp_cpp" "glim_raw" "glim" 
"fit_glm_omp_cpp" "glim_raw" "glim" 
"fit_glm_omp_cpp" "glim_raw" "glim" 
"fit_glm_omp_cpp" "glim_raw" "glim" 
"fit_glm_omp_cpp" "glim_raw" "glim" 
"fit_glm_omp_cpp" "glim_raw" "glim" 
"fit_glm_omp_cpp" "glim_raw" "glim" 
"fit_glm_omp_cpp" "glim_raw" "glim" 
"fit_glm_omp_cpp" "glim_raw" "glim" 
"fit_glm_omp_cpp" "glim_raw" "glim" 
"fit_glm_omp_cpp" "glim_raw" "glim" 
"fit_glm_omp_cpp" "glim_raw" "glim" 
"fit_glm_omp_cpp" "glim_raw" "glim" 
"fit_glm_omp_cpp" "glim_raw" "glim" 
"fit_glm_omp_cpp" "glim_raw" "glim" 
"fit_glm_omp_cpp" "glim_raw" "glim" 
"fit_glm_omp_cpp" "glim_raw" "glim" 
"fit_glm_omp_cpp" "glim_raw" "glim" 
"fit_glm_omp_cpp" "glim_raw" "glim" 
"fit_glm_omp_cpp" "glim_raw" "glim" 
"sys.call" "fit_glm_omp_cpp" "glim_raw" "glim" 
"sys.call" "fit_glm_omp_cpp" "glim_raw" "glim" 
"sys.call" "fit_glm_omp_cpp" "glim_raw" "glim" 
"fit_glm_omp_cpp" "glim_raw" "glim" 
"fit_glm_omp_cpp" "glim_raw" "glim" 
"fit_glm_omp_cpp" "glim_raw" "glim" 
"fit_glm_omp_cpp" "glim_raw" "glim" 
"fit_glm_omp_cpp" "glim_raw" "glim" 
"fit_glm_omp_cpp" "glim_raw" "glim" 
"fit_glm_omp_cpp" "glim_raw" "glim" 
"fit_glm_omp_cpp" "glim_raw" "glim" 
"fit_glm_omp_cpp" "glim_raw" "glim" 
"fit_glm_omp_cpp" "glim_raw" "glim" 
"fit_glm_omp_cpp" "glim_raw" "glim" 
"fit_glm_omp_cpp" "glim_raw" "glim" 
"fit_glm_omp_cpp" "glim_raw" "glim" 
"fit_glm_omp_cpp" "glim_raw" "glim" 
"fit_glm_omp_cpp" "glim_raw" "glim" 
"fit_glm_omp_cpp" "glim_raw" "glim" 
"fit_glm_omp_cpp" "glim_raw" "glim" 
"fit_glm_omp_cpp" "glim_raw" "glim" 
"fit_glm_omp_cpp" "glim_raw" "glim" 
"fit_glm_omp_cpp" "glim_raw" "glim" 
"fit_glm_omp_cpp" "glim_raw" "glim" 
"fit_glm_omp_cpp" "glim_raw" "glim" 
"fit_glm_omp_cpp" "glim_raw" "glim" 
"fit_glm_omp_cpp" "glim_raw" "glim" 
"fit_glm_omp_cpp" "glim_raw" "glim" 
"fit_glm_omp_cpp" "glim_raw" "glim" 
"fit_glm_omp_cpp" "glim_raw" "glim" 
"fit_glm_omp_cpp" "glim_raw" "glim" 
"fit_glm_omp_cpp" "glim_raw" "glim" 
"fit_glm_omp_cpp" "glim_raw" "glim" 
"fit_glm_omp_cpp" "glim_raw" "glim" 
"fit_glm_omp_cpp" "glim_raw" "glim" 
"fit_glm_omp_cpp" "glim_raw" "glim" 
"fit_glm_omp_cpp" "glim_raw" "glim" 
"fit_glm_omp_cpp" "glim_raw" "glim" 
"fit_glm_omp_cpp" "glim_raw" "glim" 
"fit_glm_omp_cpp" "glim_raw" "glim" 
"fit_glm_omp_cpp" "glim_raw" "glim" 
"fit_glm_omp_cpp" "glim_raw" "glim" 
"fit_glm_omp_cpp" "glim_raw" "glim" 
"fit_glm_omp_cpp" "glim_raw" "glim" 
"fit_glm_omp_cpp" "glim_raw" "glim" 
"fit_glm_omp_cpp" "glim_raw" "glim" 
"fit_glm_omp_cpp" "glim_raw" "glim" 
"fit_glm_omp_cpp" "glim_raw" "glim" 
"fit_glm_omp_cpp" "glim_raw" "glim" 
"fit_glm_omp_cpp" "glim_raw" "glim" 
"fit_glm_omp_cpp" "glim_raw" "glim" 
"fit_glm_omp_cpp" "glim_raw" "glim" 
"fit_glm_omp_cpp" "glim_raw" "glim" 
"fit_glm_omp_cpp" "glim_raw" "glim" 
"fit_glm_omp_cpp" "glim_raw" "glim" 
"fit_glm_omp_cpp" "glim_raw" "glim" 
"fit_glm_omp_cpp" "glim_raw" "glim" 
"fit_glm_omp_cpp" "glim_raw" "glim" 
"fit_glm_omp_cpp" "glim_raw" "glim" 
"fit_glm_omp_cpp" "glim_raw" "glim" 
"fit_glm_omp_cpp" "glim_raw" "glim" 
"fit_glm_omp_cpp" "glim_raw" "glim" 
"fit_glm_omp_cpp" "glim_raw" "glim" 
"fit_glm_omp_cpp" "glim_raw" "glim" 
"fit_glm_omp_cpp" "glim_raw" "glim" 
"fit_glm_omp_cpp" "glim_raw" "glim" 
"fit_glm_omp_cpp" "glim_raw" "glim" 
"fit_glm_omp_cpp" "glim_raw" "glim" 
"fit_glm_omp_cpp" "glim_raw" "glim" 
"fit_glm_omp_cpp" "glim_raw" "glim" 
"fit_glm_omp_cpp" "glim_raw" "glim" 
"fit_glm_omp_cpp" "glim_raw" "glim" 
"fit_glm_omp_cpp" "glim_raw" "glim" 
"fit_glm_omp_cpp" "glim_raw" "glim" 
"fit_glm_omp_cpp" "glim_raw" "glim" 
"fit_glm_omp_cpp" "glim_raw" "glim" 
"fit_glm_omp_cpp" "glim_raw" "glim" 
"fit_glm_omp_cpp" "glim_raw" "glim" 
"fit_glm_omp_cpp" "glim_raw" "glim" 
"fit_glm_omp_cpp" "glim_raw" "glim" 
"fit_glm_omp_cpp" "glim_raw" "glim" 
"fit_glm_omp_cpp" "glim_raw" "glim" 
"fit_glm_omp_cpp" "glim_raw" "glim" 
"fit_glm_omp_cpp" "glim_raw" "glim" 
"fit_glm_omp_cpp" "glim_raw" "glim" 
"fit_glm_omp_cpp" "glim_raw" "glim" 
"fit_glm_omp_cpp" "glim_raw" "glim" 
"fit_glm_omp_cpp" "glim_raw" "glim" 
"fit_glm_omp_cpp" "glim_raw" "glim" 
"fit_glm_omp_cpp" "glim_raw" "glim" 
"fit_glm_omp_cpp" "glim_raw" "glim" 
"fit_glm_omp_cpp" "glim_raw" "glim" 
"fit_glm_omp_cpp" "glim_raw" "glim" 
"fit_glm_omp_cpp" "glim_raw" "glim" 
"fit_glm_omp_cpp" "glim_raw" "glim" 
"fit_glm_omp_cpp" "glim_raw" "glim" 
"fit_glm_omp_cpp" "glim_raw" "glim" 
"fit_glm_omp_cpp" "glim_raw" "glim" 
"fit_glm_omp_cpp" "glim_raw" "glim" 
"fit_glm_omp_cpp" "glim_raw" "glim" 
"fit_glm_omp_cpp" "glim_raw" "glim" 
"fit_glm_omp_cpp" "glim_raw" "glim" 
"fit_glm_omp_cpp" "glim_raw" "glim" 
"fit_glm_omp_cpp" "glim_raw" "glim" 
"fit_glm_omp_cpp" "glim_raw" "glim" 
"fit_glm_omp_cpp" "glim_raw" "glim" 
"fit_glm_omp_cpp" "glim_raw" "glim" 
"fit_glm_omp_cpp" "glim_raw" "glim" 
"fit_glm_omp_cpp" "glim_raw" "glim" 
"fit_glm_omp_cpp" "glim_raw" "glim" 
"fit_glm_omp_cpp" "glim_raw" "glim" 
"fit_glm_omp_cpp" "glim_raw" "glim" 
"fit_glm_omp_cpp" "glim_raw" "glim" 
"fit_glm_omp_cpp" "glim_raw" "glim" 
"fit_glm_omp_cpp" "glim_raw" "glim" 
"fit_glm_omp_cpp" "glim_raw" "glim" 
"fit_glm_omp_cpp" "glim_raw" "glim" 
"fit_glm_omp_cpp" "glim_raw" "glim" 
"fit_glm_omp_cpp" "glim_raw" "glim" 
"fit_glm_omp_cpp" "glim_raw" "glim" 
"fit_glm_omp_cpp" "glim_raw" "glim" 
"fit_glm_omp_cpp" "glim_raw" "glim" 
"fit_glm_omp_cpp" "glim_raw" "glim" 
"fit_glm_omp_cpp" "glim_raw" "glim" 
"fit_glm_omp_cpp" "glim_raw" "glim" 
"fit_glm_omp_cpp" "glim_raw" "glim" 
"fit_glm_omp_cpp" "glim_raw" "glim" 
"fit_glm_omp_cpp" "glim_raw" "glim" 
"fit_glm_omp_cpp" "glim_raw" "glim" 
"fit_glm_omp_cpp" "glim_raw" "glim" 
"fit_glm_omp_cpp" "glim_raw" "glim" 
"fit_glm_omp_cpp" "glim_raw" "glim" 
"fit_glm_omp_cpp" "glim_raw" "glim" 
"fit_glm_omp_cpp" "glim_raw" "glim" 
"fit_glm_omp_cpp" "glim_raw" "glim" 
"fit_glm_omp_cpp" "glim_raw" "glim" 
"fit_glm_omp_cpp" "glim_raw" "glim" 
"fit_glm_omp_cpp" "glim_raw" "glim" 
"fit_glm_omp_cpp" "glim_raw" "glim" 
"fit_glm_omp_cpp" "glim_raw" "glim" 
"fit_glm_omp_cpp" "glim_raw" "glim" 
"fit_glm_omp_cpp" "glim_raw" "glim" 
"fit_glm_omp_cpp" "glim_raw" "glim" 
"fit_glm_omp_cpp" "glim_raw" "glim" 
"fit_glm_omp_cpp" "glim_raw" "glim" 
"fit_glm_omp_cpp" "glim_raw" "glim" 
"fit_glm_omp_cpp" "glim_raw" "glim" 
"fit_glm_omp_cpp" "glim_raw" "glim" 
"fit_glm_omp_cpp" "glim_raw" "glim" 
"fit_glm_omp_cpp" "glim_raw" "glim" 
"fit_glm_omp_cpp" "glim_raw" "glim" 
"fit_glm_omp_cpp" "glim_raw" "glim" 
"fit_glm_omp_cpp" "glim_raw" "glim" 
"fit_glm_omp_cpp" "glim_raw" "glim" 
"fit_glm_omp_cpp" "glim_raw" "glim" 
"fit_glm_omp_cpp" "glim_raw" "glim" 
"fit_glm_omp_cpp" "glim_raw" "glim" 
"fit_glm_omp_cpp" "glim_raw" "glim" 
"fit_glm_omp_cpp" "glim_raw" "glim" 
"fit_glm_omp_cpp" "glim_raw" "glim" 
"fit_glm_omp_cpp" "glim_raw" "glim" 
"fit_glm_omp_cpp" "glim_raw" "glim" 
"fit_glm_omp_cpp" "glim_raw" "glim" 
"fit_glm_omp_cpp" "glim_raw" "glim" 
"fit_glm_omp_cpp" "glim_raw" "glim" 
"fit_glm_omp_cpp" "glim_raw" "glim" 
"fit_glm_omp_cpp" "glim_raw" "glim" 
"fit_glm_omp_cpp" "glim_raw" "glim" 
"fit_glm_omp_cpp" "glim_raw" "glim" 
"fit_glm_omp_cpp" "glim_raw" "glim" 
"fit_glm_omp_cpp" "glim_raw" "glim" 
"fit_glm_omp_cpp" "glim_raw" "glim" 
"fit_glm_omp_cpp" "glim_raw" "glim" 
"fit_glm_omp_cpp" "glim_raw" "glim" 
"fit_glm_omp_cpp" "glim_raw" "glim" 
"fit_glm_omp_cpp" "glim_raw" "glim" 
"fit_glm_omp_cpp" "glim_raw" "glim" 
"fit_glm_omp_cpp" "glim_raw" "glim" 
"fit_glm_omp_cpp" "glim_raw" "glim" 
"fit_glm_omp_cpp" "glim_raw" "glim" 
"fit_glm_omp_cpp" "glim_raw" "glim" 
"fit_glm_omp_cpp" "glim_raw" "glim" 
"fit_glm_omp_cpp" "glim_raw" "glim" 
"fit_glm_omp_cpp" "glim_raw" "glim" 
"fit_glm_omp_cpp" "glim_raw" "glim" 
"fit_glm_omp_cpp" "glim_raw" "glim" 
"fit_glm_omp_cpp" "glim_raw" "glim" 
"fit_glm_omp_cpp" "glim_raw" "glim" 
"fit_glm_omp_cpp" "glim_raw" "glim" 
"fit_glm_omp_cpp" "glim_raw" "glim" 
"fit_glm_omp_cpp" "glim_raw" "glim" 
"fit_glm_omp_cpp" "glim_raw" "glim" 
"fit_glm_omp_cpp" "glim_raw" "glim" 
"fit_glm_omp_cpp" "glim_raw" "glim" 
"fit_glm_omp_cpp" "glim_raw" "glim" 
"fit_glm_omp_cpp" "glim_raw" "glim" 
"fit_glm_omp_cpp" "glim_raw" "glim" 
"fit_glm_omp_cpp" "glim_raw" "glim" 
"fit_glm_omp_cpp" "glim_raw" "glim" 
"fit_glm_omp_cpp" "glim_raw" "glim" 
"fit_glm_omp_cpp" "glim_raw" "glim" 
"fit_glm_omp_cpp" "glim_raw" "glim" 
"fit_glm_omp_cpp" "glim_raw" "glim" 
"fit_glm_omp_cpp" "glim_raw" "glim" 
"fit_glm_omp_cpp" "glim_raw" "glim" 
"fit_glm_omp_cpp" "glim_raw" "glim" 
"fit_glm_omp_cpp" "glim_raw" "glim" 
"fit_glm_omp_cpp" "glim_raw" "glim" 
"fit_glm_omp_cpp" "glim_raw" "glim" 
"fit_glm_omp_cpp" "glim_raw" "glim" 
"fit_glm_omp_cpp" "glim_raw" "glim" 
"fit_glm_omp_cpp" "glim_raw" "glim" 
"fit_glm_omp_cpp" "glim_raw" "glim" 
"fit_glm_omp_cpp" "glim_raw" "glim" 
"fit_glm_omp_cpp" "glim_raw" "glim" 
"fit_glm_omp_cpp" "glim_raw" "glim" 
"fit_glm_omp_cpp" "glim_raw" "glim" 
"fit_glm_omp_cpp" "glim_raw" "glim" 
"fit_glm_omp_cpp" "glim_raw" "glim" 
"fit_glm_omp_cpp" "glim_raw" "glim" 
"fit_glm_omp_cpp" "glim_raw" "glim" 
"fit_glm_omp_cpp" "glim_raw" "glim" 
"fit_glm_omp_cpp" "glim_raw" "glim" 
"fit_glm_omp_cpp" "glim_raw" "glim" 
"fit_glm_omp_cpp" "glim_raw" "glim" 
"fit_glm_omp_cpp" "glim_raw" "glim" 
"fit_glm_omp_cpp" "glim_raw" "glim" 
"fit_glm_omp_cpp" "glim_raw" "glim" 
"fit_glm_omp_cpp" "glim_raw" "glim" 
"fit_glm_omp_cpp" "glim_raw" "glim" 
"fit_glm_omp_cpp" "glim_raw" "glim" 
"fit_glm_omp_cpp" "glim_raw" "glim" 
"fit_glm_omp_cpp" "glim_raw" "glim" 
"fit_glm_omp_cpp" "glim_raw" "glim" 
"fit_glm_omp_cpp" "glim_raw" "glim" 
"fit_glm_omp_cpp" "glim_raw" "glim" 
"fit_glm_omp_cpp" "glim_raw" "glim" 
"fit_glm_omp_cpp" "glim_raw" "glim" 
"fit_glm_omp_cpp" "glim_raw" "glim" 
"fit_glm_omp_cpp" "glim_raw" "glim" 
"fit_glm_omp_cpp" "glim_raw" "glim" 
"fit_glm_omp_cpp" "glim_raw" "glim" 
"fit_glm_omp_cpp" "glim_raw" "glim" 
"fit_glm_omp_cpp" "glim_raw" "glim" 
"fit_glm_omp_cpp" "glim_raw" "glim" 
"fit_glm_omp_cpp" "glim_raw" "glim" 
"fit_glm_omp_cpp" "glim_raw" "glim" 
"fit_glm_omp_cpp" "glim_raw" "glim" 
"fit_glm_omp_cpp" "glim_raw" "glim" 
"fit_glm_omp_cpp" "glim_raw" "glim" 
"fit_glm_omp_cpp" "glim_raw" "glim" 
"fit_glm_omp_cpp" "glim_raw" "glim" 
"fit_glm_omp_cpp" "glim_raw" "glim" 
"fit_glm_omp_cpp" "glim_raw" "glim" 
"fit_glm_omp_cpp" "glim_raw" "glim" 
"fit_glm_omp_cpp" "glim_raw" "glim" 
"fit_glm_omp_cpp" "glim_raw" "glim" 
"fit_glm_omp_cpp" "glim_raw" "glim" 
"fit_glm_omp_cpp" "glim_raw" "glim" 
"fit_glm_omp_cpp" "glim_raw" "glim" 
"fit_glm_omp_cpp" "glim_raw" "glim" 
"fit_glm_omp_cpp" "glim_raw" "glim" 
"match.fun" "lapply" "find.package" "index.search" "utils::help" ".External2" "inject" "help" "help" ".ps.help.getHtmlHelpContents" "fit_glm_omp_cpp" "glim_raw" "glim" 
"readRDS" "doTryCatch" "tryCatchOne" "tryCatchList" "tryCatch" "FUN" "lapply" "find.package" "index.search" "utils::help" ".External2" "inject" "help" "help" ".ps.help.getHtmlHelpContents" "fit_glm_omp_cpp" "glim_raw" "glim" 
"readRDS" "doTryCatch" "tryCatchOne" "tryCatchList" "tryCatch" "FUN" "lapply" "find.package" "index.search" "utils::help" ".External2" "inject" "help" "help" ".ps.help.getHtmlHelpContents" "fit_glm_omp_cpp" "glim_raw" "glim" 
"FUN" "apply" "find.package" "index.search" "utils::help" ".External2" "inject" "help" "help" ".ps.help.getHtmlHelpContents" "fit_glm_omp_cpp" "glim_raw" "glim" 
"readRDS" "doTryCatch" "tryCatchOne" "tryCatchList" "tryCatch" "FUN" "lapply" "find.package" "index.search" "utils::help" ".External2" "inject" "help" "help" ".ps.help.getHtmlHelpContents" "fit_glm_omp_cpp" "glim_raw" "glim" 
"readRDS" "doTryCatch" "tryCatchOne" "tryCatchList" "tryCatch" "FUN" "lapply" "find.package" "index.search" "utils::help" ".External2" "inject" "help" "help" ".ps.help.getHtmlHelpContents" "fit_glm_omp_cpp" "glim_raw" "glim" 
"readRDS" "doTryCatch" "tryCatchOne" "tryCatchList" "tryCatch" "FUN" "lapply" "find.package" "index.search" "utils::help" ".External2" "inject" "help" "help" ".ps.help.getHtmlHelpContents" "fit_glm_omp_cpp" "glim_raw" "glim" 
"tryCatch" "FUN" "lapply" "find.package" "index.search" "utils::help" ".External2" "inject" "help" "help" ".ps.help.getHtmlHelpContents" "fit_glm_omp_cpp" "glim_raw" "glim" 
"gzfile" "readRDS" "doTryCatch" "tryCatchOne" "tryCatchList" "tryCatch" "FUN" "lapply" "find.package" "index.search" "utils::help" ".External2" "inject" "help" "help" ".ps.help.getHtmlHelpContents" "fit_glm_omp_cpp" "glim_raw" "glim" 
"file.exists" "find.package" "index.search" "utils::help" ".External2" "inject" "help" "help" ".ps.help.getHtmlHelpContents" "fit_glm_omp_cpp" "glim_raw" "glim" 
"readRDS" "index.search" "utils::help" ".External2" "inject" "help" "help" ".ps.help.getHtmlHelpContents" "fit_glm_omp_cpp" "glim_raw" "glim" 
"readRDS" "index.search" "utils::help" ".External2" "inject" "help" "help" ".ps.help.getHtmlHelpContents" "fit_glm_omp_cpp" "glim_raw" "glim" 
"readRDS" "index.search" "utils::help" ".External2" "inject" "help" "help" ".ps.help.getHtmlHelpContents" "fit_glm_omp_cpp" "glim_raw" "glim" 
"readRDS" "index.search" "utils::help" ".External2" "inject" "help" "help" ".ps.help.getHtmlHelpContents" "fit_glm_omp_cpp" "glim_raw" "glim" 
"readRDS" "index.search" "utils::help" ".External2" "inject" "help" "help" ".ps.help.getHtmlHelpContents" "fit_glm_omp_cpp" "glim_raw" "glim" 
"readRDS" "index.search" "utils::help" ".External2" "inject" "help" "help" ".ps.help.getHtmlHelpContents" "fit_glm_omp_cpp" "glim_raw" "glim" 
"readRDS" "lazyLoadDBexec" "tools:::fetchRdDB" "utils:::.getHelpFile" "getHtmlHelpContentsInstalled" ".ps.help.getHtmlHelpContents" "fit_glm_omp_cpp" "glim_raw" "glim" 
"FUN" "lapply" "doTryCatch" "tryCatchOne" "tryCatchList" "tryCatch" "try" "utils::packageDescription" "tools::Rd2HTML" "getHtmlHelpContentsInstalled" ".ps.help.getHtmlHelpContents" "fit_glm_omp_cpp" "glim_raw" "glim" 
"grepl" "ifelse" "paste" "urlify" "addh" "HTMLcomponents" "tools::Rd2HTML" "getHtmlHelpContentsInstalled" ".ps.help.getHtmlHelpContents" "fit_glm_omp_cpp" "glim_raw" "glim" 
"findOpen" "transformMethod" "writeContent" "writeSection" "tools::Rd2HTML" "getHtmlHelpContentsInstalled" ".ps.help.getHtmlHelpContents" "fit_glm_omp_cpp" "glim_raw" "glim" 
"gsub" "fsub" "htmlify" "utils:::getSrcByte" "addParaBreaks" "force" "of1" "writeBlock" "writeContent" "writeSection" "tools::Rd2HTML" "getHtmlHelpContentsInstalled" ".ps.help.getHtmlHelpContents" "fit_glm_omp_cpp" "glim_raw" "glim" 
"is.factor" "gsub" "fsub" "htmlify" "utils:::getSrcByte" "addParaBreaks" "force" "of1" "writeBlock" "writeContent" "writeSection" "tools::Rd2HTML" "getHtmlHelpContentsInstalled" ".ps.help.getHtmlHelpContents" "fit_glm_omp_cpp" "glim_raw" "glim" 
"simplify2array" "RdTags" "writeContent" "writeWrapped" "writeBlock" "writeContent" "writeSection" "tools::Rd2HTML" "getHtmlHelpContentsInstalled" ".ps.help.getHtmlHelpContents" "fit_glm_omp_cpp" "glim_raw" "glim" 
"fsub" "htmlify" "utils:::getSrcByte" "addParaBreaks" "force" "of1" "writeBlock" "writeContent" "writeSection" "tools::Rd2HTML" "getHtmlHelpContentsInstalled" ".ps.help.getHtmlHelpContents" "fit_glm_omp_cpp" "glim_raw" "glim" 
"gsub" "fsub" "htmlify" "utils:::getSrcByte" "addParaBreaks" "force" "of1" "writeBlock" "writeContent" "writeSection" "tools::Rd2HTML" "getHtmlHelpContentsInstalled" ".ps.help.getHtmlHelpContents" "fit_glm_omp_cpp" "glim_raw" "glim" 
"writeLines" "writeLinesUTF8" "of1" "writeBlock" "writeContent" "writeSection" "tools::Rd2HTML" "getHtmlHelpContentsInstalled" ".ps.help.getHtmlHelpContents" "fit_glm_omp_cpp" "glim_raw" "glim" 
"writeBlock" "writeContent" "writeWrapped" "writeBlock" "writeContent" "writeSection" "tools::Rd2HTML" "getHtmlHelpContentsInstalled" ".ps.help.getHtmlHelpContents" "fit_glm_omp_cpp" "glim_raw" "glim" 
"gsub" "psub" "htmlify" "utils:::getSrcByte" "addParaBreaks" "force" "of1" "writeBlock" "writeContent" "writeSection" "tools::Rd2HTML" "getHtmlHelpContentsInstalled" ".ps.help.getHtmlHelpContents" "fit_glm_omp_cpp" "glim_raw" "glim" 
"paste0" "addParaBreaks" "force" "of1" "writeBlock" "writeContent" "writeSection" "tools::Rd2HTML" "getHtmlHelpContentsInstalled" ".ps.help.getHtmlHelpContents" "fit_glm_omp_cpp" "glim_raw" "glim" 
"writeWrapped" "writeBlock" "writeContent" "writeSection" "tools::Rd2HTML" "getHtmlHelpContentsInstalled" ".ps.help.getHtmlHelpContents" "fit_glm_omp_cpp" "glim_raw" "glim" 
"htmlify" "is.factor" "grepl" "addParaBreaks" "force" "of1" "writeBlock" "writeContent" "writeSection" "tools::Rd2HTML" "getHtmlHelpContentsInstalled" ".ps.help.getHtmlHelpContents" "fit_glm_omp_cpp" "glim_raw" "glim" 
"writeContent" "writeSection" "tools::Rd2HTML" "getHtmlHelpContentsInstalled" ".ps.help.getHtmlHelpContents" "fit_glm_omp_cpp" "glim_raw" "glim" 
"addParaBreaks" "force" "of1" "writeBlock" "writeContent" "writeSection" "tools::Rd2HTML" "getHtmlHelpContentsInstalled" ".ps.help.getHtmlHelpContents" "fit_glm_omp_cpp" "glim_raw" "glim" 
"writeLines" "writeLinesUTF8" "of1" "writeBlock" "writeContent" "writeSection" "tools::Rd2HTML" "getHtmlHelpContentsInstalled" ".ps.help.getHtmlHelpContents" "fit_glm_omp_cpp" "glim_raw" "glim" 
"structure" "grep" "isBlankRd" "writeWrapped" "writeBlock" "writeContent" "writeSection" "tools::Rd2HTML" "getHtmlHelpContentsInstalled" ".ps.help.getHtmlHelpContents" "fit_glm_omp_cpp" "glim_raw" "glim" 
"writeBlock" "writeContent" "writeSection" "tools::Rd2HTML" "getHtmlHelpContentsInstalled" ".ps.help.getHtmlHelpContents" "fit_glm_omp_cpp" "glim_raw" "glim" 
"gsub" "fsub" "htmlify" "is.factor" "grepl" "addParaBreaks" "force" "of1" "writeBlock" "writeContent" "writeSection" "tools::Rd2HTML" "getHtmlHelpContentsInstalled" ".ps.help.getHtmlHelpContents" "fit_glm_omp_cpp" "glim_raw" "glim" 
"htmlify" "utils:::getSrcByte" "addParaBreaks" "force" "of1" "writeBlock" "writeContent" "writeSection" "tools::Rd2HTML" "getHtmlHelpContentsInstalled" ".ps.help.getHtmlHelpContents" "fit_glm_omp_cpp" "glim_raw" "glim" 
"structure" "grep" "isBlankRd" "writeWrapped" "writeBlock" "writeContent" "writeSection" "tools::Rd2HTML" "getHtmlHelpContentsInstalled" ".ps.help.getHtmlHelpContents" "fit_glm_omp_cpp" "glim_raw" "glim" 
"psub" "htmlify" "utils:::getSrcByte" "addParaBreaks" "force" "of1" "writeBlock" "writeContent" "writeSection" "tools::Rd2HTML" "getHtmlHelpContentsInstalled" ".ps.help.getHtmlHelpContents" "fit_glm_omp_cpp" "glim_raw" "glim" 
"gsub" "fsub" "htmlify" "is.factor" "grepl" "addParaBreaks" "force" "of1" "writeBlock" "writeContent" "writeSection" "tools::Rd2HTML" "getHtmlHelpContentsInstalled" ".ps.help.getHtmlHelpContents" "fit_glm_omp_cpp" "glim_raw" "glim" 
"fit_glm_omp_cpp" "glim_raw" "glim" 
"fit_glm_omp_cpp" "glim_raw" "glim" 
"fit_glm_omp_cpp" "glim_raw" "glim" 
"fit_glm_omp_cpp" "glim_raw" "glim" 
"fit_glm_omp_cpp" "glim_raw" "glim" 
"fit_glm_omp_cpp" "glim_raw" "glim" 
"fit_glm_omp_cpp" "glim_raw" "glim" 
"fit_glm_omp_cpp" "glim_raw" "glim" 
"fit_glm_omp_cpp" "glim_raw" "glim" 
"fit_glm_omp_cpp" "glim_raw" "glim" 
"fit_glm_omp_cpp" "glim_raw" "glim" 
"fit_glm_omp_cpp" "glim_raw" "glim" 
"fit_glm_omp_cpp" "glim_raw" "glim" 
"fit_glm_omp_cpp" "glim_raw" "glim" 
"fit_glm_omp_cpp" "glim_raw" "glim" 
"fit_glm_omp_cpp" "glim_raw" "glim" 
"fit_glm_omp_cpp" "glim_raw" "glim" 
"fit_glm_omp_cpp" "glim_raw" "glim" 
"fit_glm_omp_cpp" "glim_raw" "glim" 
"fit_glm_omp_cpp" "glim_raw" "glim" 
"fit_glm_omp_cpp" "glim_raw" "glim" 
"fit_glm_omp_cpp" "glim_raw" "glim" 
"fit_glm_omp_cpp" "glim_raw" "glim" 
"fit_glm_omp_cpp" "glim_raw" "glim" 
"fit_glm_omp_cpp" "glim_raw" "glim" 
"fit_glm_omp_cpp" "glim_raw" "glim" 
"fit_glm_omp_cpp" "glim_raw" "glim" 
"fit_glm_omp_cpp" "glim_raw" "glim" 
"fit_glm_omp_cpp" "glim_raw" "glim" 
"fit_glm_omp_cpp" "glim_raw" "glim" 
"fit_glm_omp_cpp" "glim_raw" "glim" 
"fit_glm_omp_cpp" "glim_raw" "glim" 
"fit_glm_omp_cpp" "glim_raw" "glim" 
"fit_glm_omp_cpp" "glim_raw" "glim" 
"fit_glm_omp_cpp" "glim_raw" "glim" 
"fit_glm_omp_cpp" "glim_raw" "glim" 
"fit_glm_omp_cpp" "glim_raw" "glim" 
"fit_glm_omp_cpp" "glim_raw" "glim" 
"fit_glm_omp_cpp" "glim_raw" "glim" 
"fit_glm_omp_cpp" "glim_raw" "glim" 
"fit_glm_omp_cpp" "glim_raw" "glim" 
"fit_glm_omp_cpp" "glim_raw" "glim" 
"fit_glm_omp_cpp" "glim_raw" "glim" 
"fit_glm_omp_cpp" "glim_raw" "glim" 
"fit_glm_omp_cpp" "glim_raw" "glim" 
"fit_glm_omp_cpp" "glim_raw" "glim" 
"fit_glm_omp_cpp" "glim_raw" "glim" 
"fit_glm_omp_cpp" "glim_raw" "glim" 
"fit_glm_omp_cpp" "glim_raw" "glim" 
"fit_glm_omp_cpp" "glim_raw" "glim" 
"fit_glm_omp_cpp" "glim_raw" "glim" 
"fit_glm_omp_cpp" "glim_raw" "glim" 
"fit_glm_omp_cpp" "glim_raw" "glim" 
"fit_glm_omp_cpp" "glim_raw" "glim" 
"fit_glm_omp_cpp" "glim_raw" "glim" 
"fit_glm_omp_cpp" "glim_raw" "glim" 
"fit_glm_omp_cpp" "glim_raw" "glim" 
"fit_glm_omp_cpp" "glim_raw" "glim" 
"fit_glm_omp_cpp" "glim_raw" "glim" 
"fit_glm_omp_cpp" "glim_raw" "glim" 
"fit_glm_omp_cpp" "glim_raw" "glim" 
"fit_glm_omp_cpp" "glim_raw" "glim" 
"fit_glm_omp_cpp" "glim_raw" "glim" 
"fit_glm_omp_cpp" "glim_raw" "glim" 
"fit_glm_omp_cpp" "glim_raw" "glim" 
"fit_glm_omp_cpp" "glim_raw" "glim" 
"fit_glm_omp_cpp" "glim_raw" "glim" 
"fit_glm_omp_cpp" "glim_raw" "glim" 
"fit_glm_omp_cpp" "glim_raw" "glim" 
"fit_glm_omp_cpp" "glim_raw" "glim" 
"fit_glm_omp_cpp" "glim_raw" "glim" 
"fit_glm_omp_cpp" "glim_raw" "glim" 
"fit_glm_omp_cpp" "glim_raw" "glim" 
"fit_glm_omp_cpp" "glim_raw" "glim" 
"fit_glm_omp_cpp" "glim_raw" "glim" 
"fit_glm_omp_cpp" "glim_raw" "glim" 
"fit_glm_omp_cpp" "glim_raw" "glim" 
"fit_glm_omp_cpp" "glim_raw" "glim" 
"fit_glm_omp_cpp" "glim_raw" "glim" 
"fit_glm_omp_cpp" "glim_raw" "glim" 
"fit_glm_omp_cpp" "glim_raw" "glim" 
"fit_glm_omp_cpp" "glim_raw" "glim" 
"fit_glm_omp_cpp" "glim_raw" "glim" 
"fit_glm_omp_cpp" "glim_raw" "glim" 
"fit_glm_omp_cpp" "glim_raw" "glim" 
"fit_glm_omp_cpp" "glim_raw" "glim" 
"fit_glm_omp_cpp" "glim_raw" "glim" 
"fit_glm_omp_cpp" "glim_raw" "glim" 
"fit_glm_omp_cpp" "glim_raw" "glim" 
"fit_glm_omp_cpp" "glim_raw" "glim" 
"fit_glm_omp_cpp" "glim_raw" "glim" 
"fit_glm_omp_cpp" "glim_raw" "glim" 
"fit_glm_omp_cpp" "glim_raw" "glim" 
"fit_glm_omp_cpp" "glim_raw" "glim" 
"fit_glm_omp_cpp" "glim_raw" "glim" 
"fit_glm_omp_cpp" "glim_raw" "glim" 
"fit_glm_omp_cpp" "glim_raw" "glim" 
"fit_glm_omp_cpp" "glim_raw" "glim" 
"fit_glm_omp_cpp" "glim_raw" "glim" 
"fit_glm_omp_cpp" "glim_raw" "glim" 
"fit_glm_omp_cpp" "glim_raw" "glim" 
"sys.call" "fit_glm_omp_cpp" "glim_raw" "glim" 
"fit_glm_omp_cpp" "glim_raw" "glim" 
"fit_glm_omp_cpp" "glim_raw" "glim" 
"fit_glm_omp_cpp" "glim_raw" "glim" 
"fit_glm_omp_cpp" "glim_raw" "glim" 
"fit_glm_omp_cpp" "glim_raw" "glim" 
"fit_glm_omp_cpp" "glim_raw" "glim" 
"fit_glm_omp_cpp" "glim_raw" "glim" 
"fit_glm_omp_cpp" "glim_raw" "glim" 
"fit_glm_omp_cpp" "glim_raw" "glim" 
"fit_glm_omp_cpp" "glim_raw" "glim" 
"fit_glm_omp_cpp" "glim_raw" "glim" 
"fit_glm_omp_cpp" "glim_raw" "glim" 
"fit_glm_omp_cpp" "glim_raw" "glim" 
"fit_glm_omp_cpp" "glim_raw" "glim" 
"fit_glm_omp_cpp" "glim_raw" "glim" 
"fit_glm_omp_cpp" "glim_raw" "glim" 
"fit_glm_omp_cpp" "glim_raw" "glim" 
"fit_glm_omp_cpp" "glim_raw" "glim" 
"fit_glm_omp_cpp" "glim_raw" "glim" 
"fit_glm_omp_cpp" "glim_raw" "glim" 
"fit_glm_omp_cpp" "glim_raw" "glim" 
"fit_glm_omp_cpp" "glim_raw" "glim" 
"fit_glm_omp_cpp" "glim_raw" "glim" 
"fit_glm_omp_cpp" "glim_raw" "glim" 
"fit_glm_omp_cpp" "glim_raw" "glim" 
"fit_glm_omp_cpp" "glim_raw" "glim" 
"fit_glm_omp_cpp" "glim_raw" "glim" 
"fit_glm_omp_cpp" "glim_raw" "glim" 
"fit_glm_omp_cpp" "glim_raw" "glim" 
"fit_glm_omp_cpp" "glim_raw" "glim" 
"fit_glm_omp_cpp" "glim_raw" "glim" 
"fit_glm_omp_cpp" "glim_raw" "glim" 
"fit_glm_omp_cpp" "glim_raw" "glim" 
"fit_glm_omp_cpp" "glim_raw" "glim" 
"fit_glm_omp_cpp" "glim_raw" "glim" 
"fit_glm_omp_cpp" "glim_raw" "glim" 
"fit_glm_omp_cpp" "glim_raw" "glim" 
"fit_glm_omp_cpp" "glim_raw" "glim" 
"fit_glm_omp_cpp" "glim_raw" "glim" 
"fit_glm_omp_cpp" "glim_raw" "glim" 
"fit_glm_omp_cpp" "glim_raw" "glim" 
"fit_glm_omp_cpp" "glim_raw" "glim" 
"fit_glm_omp_cpp" "glim_raw" "glim" 
"fit_glm_omp_cpp" "glim_raw" "glim" 
"fit_glm_omp_cpp" "glim_raw" "glim" 
"fit_glm_omp_cpp" "glim_raw" "glim" 
"fit_glm_omp_cpp" "glim_raw" "glim" 
"fit_glm_omp_cpp" "glim_raw" "glim" 
"fit_glm_omp_cpp" "glim_raw" "glim" 
"fit_glm_omp_cpp" "glim_raw" "glim" 
"fit_glm_omp_cpp" "glim_raw" "glim" 
"fit_glm_omp_cpp" "glim_raw" "glim" 
"fit_glm_omp_cpp" "glim_raw" "glim" 
"sys.call" "fit_glm_omp_cpp" "glim_raw" "glim" 
"fit_glm_omp_cpp" "glim_raw" "glim" 
"fit_glm_omp_cpp" "glim_raw" "glim" 
"fit_glm_omp_cpp" "glim_raw" "glim" 
"fit_glm_omp_cpp" "glim_raw" "glim" 
"fit_glm_omp_cpp" "glim_raw" "glim" 
"fit_glm_omp_cpp" "glim_raw" "glim" 
"fit_glm_omp_cpp" "glim_raw" "glim" 
"fit_glm_omp_cpp" "glim_raw" "glim" 
"fit_glm_omp_cpp" "glim_raw" "glim" 
"fit_glm_omp_cpp" "glim_raw" "glim" 
"fit_glm_omp_cpp" "glim_raw" "glim" 
"fit_glm_omp_cpp" "glim_raw" "glim" 
"fit_glm_omp_cpp" "glim_raw" "glim" 
"fit_glm_omp_cpp" "glim_raw" "glim" 
"fit_glm_omp_cpp" "glim_raw" "glim" 
"fit_glm_omp_cpp" "glim_raw" "glim" 
"fit_glm_omp_cpp" "glim_raw" "glim" 
"fit_glm_omp_cpp" "glim_raw" "glim" 
"fit_glm_omp_cpp" "glim_raw" "glim" 
"fit_glm_omp_cpp" "glim_raw" "glim" 
"fit_glm_omp_cpp" "glim_raw" "glim" 
"fit_glm_omp_cpp" "glim_raw" "glim" 
"fit_glm_omp_cpp" "glim_raw" "glim" 
"fit_glm_omp_cpp" "glim_raw" "glim" 
"fit_glm_omp_cpp" "glim_raw" "glim" 
"fit_glm_omp_cpp" "glim_raw" "glim" 
"fit_glm_omp_cpp" "glim_raw" "glim" 
"fit_glm_omp_cpp" "glim_raw" "glim" 
"fit_glm_omp_cpp" "glim_raw" "glim" 
"fit_glm_omp_cpp" "glim_raw" "glim" 
"fit_glm_omp_cpp" "glim_raw" "glim" 
"fit_glm_omp_cpp" "glim_raw" "glim" 
"fit_glm_omp_cpp" "glim_raw" "glim" 
"fit_glm_omp_cpp" "glim_raw" "glim" 
"fit_glm_omp_cpp" "glim_raw" "glim" 
"fit_glm_omp_cpp" "glim_raw" "glim" 
"fit_glm_omp_cpp" "glim_raw" "glim" 
"fit_glm_omp_cpp" "glim_raw" "glim" 
"fit_glm_omp_cpp" "glim_raw" "glim" 
"fit_glm_omp_cpp" "glim_raw" "glim" 
"fit_glm_omp_cpp" "glim_raw" "glim" 
"fit_glm_omp_cpp" "glim_raw" "glim" 
"fit_glm_omp_cpp" "glim_raw" "glim" 
"fit_glm_omp_cpp" "glim_raw" "glim" 
"fit_glm_omp_cpp" "glim_raw" "glim" 
"fit_glm_omp_cpp" "glim_raw" "glim" 
"fit_glm_omp_cpp" "glim_raw" "glim" 
"fit_glm_omp_cpp" "glim_raw" "glim" 
"fit_glm_omp_cpp" "glim_raw" "glim" 
"fit_glm_omp_cpp" "glim_raw" "glim" 
"fit_glm_omp_cpp" "glim_raw" "glim" 
"fit_glm_omp_cpp" "glim_raw" "glim" 
"fit_glm_omp_cpp" "glim_raw" "glim" 
"fit_glm_omp_cpp" "glim_raw" "glim" 
"fit_glm_omp_cpp" "glim_raw" "glim" 
"fit_glm_omp_cpp" "glim_raw" "glim" 
"fit_glm_omp_cpp" "glim_raw" "glim" 
"fit_glm_omp_cpp" "glim_raw" "glim" 
"fit_glm_omp_cpp" "glim_raw" "glim" 
"fit_glm_omp_cpp" "glim_raw" "glim" 
"fit_glm_omp_cpp" "glim_raw" "glim" 
"fit_glm_omp_cpp" "glim_raw" "glim" 
"fit_glm_omp_cpp" "glim_raw" "glim" 
"fit_glm_omp_cpp" "glim_raw" "glim" 
"fit_glm_omp_cpp" "glim_raw" "glim" 
"fit_glm_omp_cpp" "glim_raw" "glim" 
"fit_glm_omp_cpp" "glim_raw" "glim" 
"fit_glm_omp_cpp" "glim_raw" "glim" 
"fit_glm_omp_cpp" "glim_raw" "glim" 
"fit_glm_omp_cpp" "glim_raw" "glim" 
"fit_glm_omp_cpp" "glim_raw" "glim" 
"fit_glm_omp_cpp" "glim_raw" "glim" 
"fit_glm_omp_cpp" "glim_raw" "glim" 
"fit_glm_omp_cpp" "glim_raw" "glim" 
"fit_glm_omp_cpp" "glim_raw" "glim" 
"fit_glm_omp_cpp" "glim_raw" "glim" 
"fit_glm_omp_cpp" "glim_raw" "glim" 
"fit_glm_omp_cpp" "glim_raw" "glim" 
"fit_glm_omp_cpp" "glim_raw" "glim" 
"fit_glm_omp_cpp" "glim_raw" "glim" 
"fit_glm_omp_cpp" "glim_raw" "glim" 
"fit_glm_omp_cpp" "glim_raw" "glim" 
"fit_glm_omp_cpp" "glim_raw" "glim" 
"fit_glm_omp_cpp" "glim_raw" "glim" 
"fit_glm_omp_cpp" "glim_raw" "glim" 
"fit_glm_omp_cpp" "glim_raw" "glim" 
"fit_glm_omp_cpp" "glim_raw" "glim" 
"fit_glm_omp_cpp" "glim_raw" "glim" 
"fit_glm_omp_cpp" "glim_raw" "glim" 
"fit_glm_omp_cpp" "glim_raw" "glim" 
"fit_glm_omp_cpp" "glim_raw" "glim" 
"fit_glm_omp_cpp" "glim_raw" "glim" 
"fit_glm_omp_cpp" "glim_raw" "glim" 
"fit_glm_omp_cpp" "glim_raw" "glim" 
"fit_glm_omp_cpp" "glim_raw" "glim" 
"fit_glm_omp_cpp" "glim_raw" "glim" 
"fit_glm_omp_cpp" "glim_raw" "glim" 
"fit_glm_omp_cpp" "glim_raw" "glim" 
"fit_glm_omp_cpp" "glim_raw" "glim" 
"fit_glm_omp_cpp" "glim_raw" "glim" 
"fit_glm_omp_cpp" "glim_raw" "glim" 
"fit_glm_omp_cpp" "glim_raw" "glim" 
"fit_glm_omp_cpp" "glim_raw" "glim" 
"fit_glm_omp_cpp" "glim_raw" "glim" 
"fit_glm_omp_cpp" "glim_raw" "glim" 
"fit_glm_omp_cpp" "glim_raw" "glim" 
"fit_glm_omp_cpp" "glim_raw" "glim" 
"fit_glm_omp_cpp" "glim_raw" "glim" 
"fit_glm_omp_cpp" "glim_raw" "glim" 
"fit_glm_omp_cpp" "glim_raw" "glim" 
"fit_glm_omp_cpp" "glim_raw" "glim" 
"fit_glm_omp_cpp" "glim_raw" "glim" 
"fit_glm_omp_cpp" "glim_raw" "glim" 
"fit_glm_omp_cpp" "glim_raw" "glim" 
"fit_glm_omp_cpp" "glim_raw" "glim" 
"fit_glm_omp_cpp" "glim_raw" "glim" 
"fit_glm_omp_cpp" "glim_raw" "glim" 
"fit_glm_omp_cpp" "glim_raw" "glim" 
"fit_glm_omp_cpp" "glim_raw" "glim" 
"fit_glm_omp_cpp" "glim_raw" "glim" 
"fit_glm_omp_cpp" "glim_raw" "glim" 
"fit_glm_omp_cpp" "glim_raw" "glim" 
"fit_glm_omp_cpp" "glim_raw" "glim" 
"fit_glm_omp_cpp" "glim_raw" "glim" 
"fit_glm_omp_cpp" "glim_raw" "glim" 
"fit_glm_omp_cpp" "glim_raw" "glim" 
"fit_glm_omp_cpp" "glim_raw" "glim" 
"fit_glm_omp_cpp" "glim_raw" "glim" 
"fit_glm_omp_cpp" "glim_raw" "glim" 
"fit_glm_omp_cpp" "glim_raw" "glim" 
"fit_glm_omp_cpp" "glim_raw" "glim" 
"fit_glm_omp_cpp" "glim_raw" "glim" 
"fit_glm_omp_cpp" "glim_raw" "glim" 
"fit_glm_omp_cpp" "glim_raw" "glim" 
"fit_glm_omp_cpp" "glim_raw" "glim" 
"fit_glm_omp_cpp" "glim_raw" "glim" 
"fit_glm_omp_cpp" "glim_raw" "glim" 
"fit_glm_omp_cpp" "glim_raw" "glim" 
"fit_glm_omp_cpp" "glim_raw" "glim" 
"fit_glm_omp_cpp" "glim_raw" "glim" 
"fit_glm_omp_cpp" "glim_raw" "glim" 
"fit_glm_omp_cpp" "glim_raw" "glim" 
"fit_glm_omp_cpp" "glim_raw" "glim" 
"fit_glm_omp_cpp" "glim_raw" "glim" 
"fit_glm_omp_cpp" "glim_raw" "glim" 
"fit_glm_omp_cpp" "glim_raw" "glim" 
"fit_glm_omp_cpp" "glim_raw" "glim" 
"fit_glm_omp_cpp" "glim_raw" "glim" 
"fit_glm_omp_cpp" "glim_raw" "glim" 
"fit_glm_omp_cpp" "glim_raw" "glim" 
"fit_glm_omp_cpp" "glim_raw" "glim" 
"fit_glm_omp_cpp" "glim_raw" "glim" 
"fit_glm_omp_cpp" "glim_raw" "glim" 
"fit_glm_omp_cpp" "glim_raw" "glim" 
"fit_glm_omp_cpp" "glim_raw" "glim" 
"fit_glm_omp_cpp" "glim_raw" "glim" 
"fit_glm_omp_cpp" "glim_raw" "glim" 
"fit_glm_omp_cpp" "glim_raw" "glim" 
"fit_glm_omp_cpp" "glim_raw" "glim" 
"fit_glm_omp_cpp" "glim_raw" "glim" 
"fit_glm_omp_cpp" "glim_raw" "glim" 
"fit_glm_omp_cpp" "glim_raw" "glim" 
"fit_glm_omp_cpp" "glim_raw" "glim" 
"fit_glm_omp_cpp" "glim_raw" "glim" 
"fit_glm_omp_cpp" "glim_raw" "glim" 
"fit_glm_omp_cpp" "glim_raw" "glim" 
"fit_glm_omp_cpp" "glim_raw" "glim" 
"fit_glm_omp_cpp" "glim_raw" "glim" 
"fit_glm_omp_cpp" "glim_raw" "glim" 
"fit_glm_omp_cpp" "glim_raw" "glim" 
"fit_glm_omp_cpp" "glim_raw" "glim" 
"fit_glm_omp_cpp" "glim_raw" "glim" 
"fit_glm_omp_cpp" "glim_raw" "glim" 
"fit_glm_omp_cpp" "glim_raw" "glim" 
"fit_glm_omp_cpp" "glim_raw" "glim" 
"fit_glm_omp_cpp" "glim_raw" "glim" 
"fit_glm_omp_cpp" "glim_raw" "glim" 
"fit_glm_omp_cpp" "glim_raw" "glim" 
"fit_glm_omp_cpp" "glim_raw" "glim" 
"fit_glm_omp_cpp" "glim_raw" "glim" 
"fit_glm_omp_cpp" "glim_raw" "glim" 
"fit_glm_omp_cpp" "glim_raw" "glim" 
"fit_glm_omp_cpp" "glim_raw" "glim" 
"fit_glm_omp_cpp" "glim_raw" "glim" 
"fit_glm_omp_cpp" "glim_raw" "glim" 
"fit_glm_omp_cpp" "glim_raw" "glim" 
"fit_glm_omp_cpp" "glim_raw" "glim" 
"fit_glm_omp_cpp" "glim_raw" "glim" 
"fit_glm_omp_cpp" "glim_raw" "glim" 
"fit_glm_omp_cpp" "glim_raw" "glim" 
"fit_glm_omp_cpp" "glim_raw" "glim" 
"fit_glm_omp_cpp" "glim_raw" "glim" 
"fit_glm_omp_cpp" "glim_raw" "glim" 
"fit_glm_omp_cpp" "glim_raw" "glim" 
"fit_glm_omp_cpp" "glim_raw" "glim" 
"fit_glm_omp_cpp" "glim_raw" "glim" 
"fit_glm_omp_cpp" "glim_raw" "glim" 
"fit_glm_omp_cpp" "glim_raw" "glim" 
"fit_glm_omp_cpp" "glim_raw" "glim" 
"fit_glm_omp_cpp" "glim_raw" "glim" 
"fit_glm_omp_cpp" "glim_raw" "glim" 
"fit_glm_omp_cpp" "glim_raw" "glim" 
"fit_glm_omp_cpp" "glim_raw" "glim" 
"fit_glm_omp_cpp" "glim_raw" "glim" 
"fit_glm_omp_cpp" "glim_raw" "glim" 
"fit_glm_omp_cpp" "glim_raw" "glim" 
"fit_glm_omp_cpp" "glim_raw" "glim" 
"fit_glm_omp_cpp" "glim_raw" "glim" 
"fit_glm_omp_cpp" "glim_raw" "glim" 
"fit_glm_omp_cpp" "glim_raw" "glim" 
"fit_glm_omp_cpp" "glim_raw" "glim" 
"fit_glm_omp_cpp" "glim_raw" "glim" 
"fit_glm_omp_cpp" "glim_raw" "glim" 
"fit_glm_omp_cpp" "glim_raw" "glim" 
"fit_glm_omp_cpp" "glim_raw" "glim" 
"fit_glm_omp_cpp" "glim_raw" "glim" 
"fit_glm_omp_cpp" "glim_raw" "glim" 
"fit_glm_omp_cpp" "glim_raw" "glim" 
"fit_glm_omp_cpp" "glim_raw" "glim" 
"fit_glm_omp_cpp" "glim_raw" "glim" 
"fit_glm_omp_cpp" "glim_raw" "glim" 
"fit_glm_omp_cpp" "glim_raw" "glim" 
"fit_glm_omp_cpp" "glim_raw" "glim" 
"fit_glm_omp_cpp" "glim_raw" "glim" 
"fit_glm_omp_cpp" "glim_raw" "glim" 
"fit_glm_omp_cpp" "glim_raw" "glim" 
"fit_glm_omp_cpp" "glim_raw" "glim" 
"fit_glm_omp_cpp" "glim_raw" "glim" 
"fit_glm_omp_cpp" "glim_raw" "glim" 
"fit_glm_omp_cpp" "glim_raw" "glim" 
"fit_glm_omp_cpp" "glim_raw" "glim" 
"fit_glm_omp_cpp" "glim_raw" "glim" 
"fit_glm_omp_cpp" "glim_raw" "glim" 
"fit_glm_omp_cpp" "glim_raw" "glim" 
"fit_glm_omp_cpp" "glim_raw" "glim" 
"fit_glm_omp_cpp" "glim_raw" "glim" 
"fit_glm_omp_cpp" "glim_raw" "glim" 
"fit_glm_omp_cpp" "glim_raw" "glim" 
"fit_glm_omp_cpp" "glim_raw" "glim" 
"fit_glm_omp_cpp" "glim_raw" "glim" 
"fit_glm_omp_cpp" "glim_raw" "glim" 
"fit_glm_omp_cpp" "glim_raw" "glim" 
"fit_glm_omp_cpp" "glim_raw" "glim" 
"fit_glm_omp_cpp" "glim_raw" "glim" 
"fit_glm_omp_cpp" "glim_raw" "glim" 
"fit_glm_omp_cpp" "glim_raw" "glim" 
"fit_glm_omp_cpp" "glim_raw" "glim" 
"fit_glm_omp_cpp" "glim_raw" "glim" 
"fit_glm_omp_cpp" "glim_raw" "glim" 
"fit_glm_omp_cpp" "glim_raw" "glim" 
"fit_glm_omp_cpp" "glim_raw" "glim" 
"fit_glm_omp_cpp" "glim_raw" "glim" 
"fit_glm_omp_cpp" "glim_raw" "glim" 
"fit_glm_omp_cpp" "glim_raw" "glim" 
"fit_glm_omp_cpp" "glim_raw" "glim" 
"fit_glm_omp_cpp" "glim_raw" "glim" 
"fit_glm_omp_cpp" "glim_raw" "glim" 
"fit_glm_omp_cpp" "glim_raw" "glim" 
"fit_glm_omp_cpp" "glim_raw" "glim" 
"fit_glm_omp_cpp" "glim_raw" "glim" 
"fit_glm_omp_cpp" "glim_raw" "glim" 
"fit_glm_omp_cpp" "glim_raw" "glim" 
"fit_glm_omp_cpp" "glim_raw" "glim" 
"fit_glm_omp_cpp" "glim_raw" "glim" 
"fit_glm_omp_cpp" "glim_raw" "glim" 
"fit_glm_omp_cpp" "glim_raw" "glim" 
"fit_glm_omp_cpp" "glim_raw" "glim" 
"fit_glm_omp_cpp" "glim_raw" "glim" 
"fit_glm_omp_cpp" "glim_raw" "glim" 
"fit_glm_omp_cpp" "glim_raw" "glim" 
"fit_glm_omp_cpp" "glim_raw" "glim" 
"fit_glm_omp_cpp" "glim_raw" "glim" 
"fit_glm_omp_cpp" "glim_raw" "glim" 
"fit_glm_omp_cpp" "glim_raw" "glim" 
"fit_glm_omp_cpp" "glim_raw" "glim" 
"fit_glm_omp_cpp" "glim_raw" "glim" 
"fit_glm_omp_cpp" "glim_raw" "glim" 
"fit_glm_omp_cpp" "glim_raw" "glim" 
"fit_glm_omp_cpp" "glim_raw" "glim" 
"fit_glm_omp_cpp" "glim_raw" "glim" 
"fit_glm_omp_cpp" "glim_raw" "glim" 
"fit_glm_omp_cpp" "glim_raw" "glim" 
"fit_glm_omp_cpp" "glim_raw" "glim" 
"fit_glm_omp_cpp" "glim_raw" "glim" 
"fit_glm_omp_cpp" "glim_raw" "glim" 
"fit_glm_omp_cpp" "glim_raw" "glim" 
"fit_glm_omp_cpp" "glim_raw" "glim" 
"fit_glm_omp_cpp" "glim_raw" "glim" 
"fit_glm_omp_cpp" "glim_raw" "glim" 
"fit_glm_omp_cpp" "glim_raw" "glim" 
"fit_glm_omp_cpp" "glim_raw" "glim" 
"fit_glm_omp_cpp" "glim_raw" "glim" 
"fit_glm_omp_cpp" "glim_raw" "glim" 
"fit_glm_omp_cpp" "glim_raw" "glim" 
"fit_glm_omp_cpp" "glim_raw" "glim" 
"fit_glm_omp_cpp" "glim_raw" "glim" 
"fit_glm_omp_cpp" "glim_raw" "glim" 
"fit_glm_omp_cpp" "glim_raw" "glim" 
"fit_glm_omp_cpp" "glim_raw" "glim" 
"fit_glm_omp_cpp" "glim_raw" "glim" 
"fit_glm_omp_cpp" "glim_raw" "glim" 
"fit_glm_omp_cpp" "glim_raw" "glim" 
"fit_glm_omp_cpp" "glim_raw" "glim" 
"fit_glm_omp_cpp" "glim_raw" "glim" 
"fit_glm_omp_cpp" "glim_raw" "glim" 
"fit_glm_omp_cpp" "glim_raw" "glim" 
"fit_glm_omp_cpp" "glim_raw" "glim" 
"fit_glm_omp_cpp" "glim_raw" "glim" 
"fit_glm_omp_cpp" "glim_raw" "glim" 
"fit_glm_omp_cpp" "glim_raw" "glim" 
"fit_glm_omp_cpp" "glim_raw" "glim" 
"fit_glm_omp_cpp" "glim_raw" "glim" 
"fit_glm_omp_cpp" "glim_raw" "glim" 
"fit_glm_omp_cpp" "glim_raw" "glim" 
"fit_glm_omp_cpp" "glim_raw" "glim" 
"fit_glm_omp_cpp" "glim_raw" "glim" 
"fit_glm_omp_cpp" "glim_raw" "glim" 
"fit_glm_omp_cpp" "glim_raw" "glim" 
"fit_glm_omp_cpp" "glim_raw" "glim" 
"fit_glm_omp_cpp" "glim_raw" "glim" 
"fit_glm_omp_cpp" "glim_raw" "glim" 
"fit_glm_omp_cpp" "glim_raw" "glim" 
"fit_glm_omp_cpp" "glim_raw" "glim" 
"fit_glm_omp_cpp" "glim_raw" "glim" 
"fit_glm_omp_cpp" "glim_raw" "glim" 
"fit_glm_omp_cpp" "glim_raw" "glim" 
"fit_glm_omp_cpp" "glim_raw" "glim" 
"fit_glm_omp_cpp" "glim_raw" "glim" 
"fit_glm_omp_cpp" "glim_raw" "glim" 
"fit_glm_omp_cpp" "glim_raw" "glim" 
"fit_glm_omp_cpp" "glim_raw" "glim" 
"fit_glm_omp_cpp" "glim_raw" "glim" 
"fit_glm_omp_cpp" "glim_raw" "glim" 
"fit_glm_omp_cpp" "glim_raw" "glim" 
"fit_glm_omp_cpp" "glim_raw" "glim" 
"fit_glm_omp_cpp" "glim_raw" "glim" 
"fit_glm_omp_cpp" "glim_raw" "glim" 
"fit_glm_omp_cpp" "glim_raw" "glim" 
"fit_glm_omp_cpp" "glim_raw" "glim" 
"fit_glm_omp_cpp" "glim_raw" "glim" 
"fit_glm_omp_cpp" "glim_raw" "glim" 
"fit_glm_omp_cpp" "glim_raw" "glim" 
"fit_glm_omp_cpp" "glim_raw" "glim" 
"fit_glm_omp_cpp" "glim_raw" "glim" 
"fit_glm_omp_cpp" "glim_raw" "glim" 
"fit_glm_omp_cpp" "glim_raw" "glim" 
"fit_glm_omp_cpp" "glim_raw" "glim" 
"fit_glm_omp_cpp" "glim_raw" "glim" 
"fit_glm_omp_cpp" "glim_raw" "glim" 
"fit_glm_omp_cpp" "glim_raw" "glim" 
"fit_glm_omp_cpp" "glim_raw" "glim" 
"fit_glm_omp_cpp" "glim_raw" "glim" 
"fit_glm_omp_cpp" "glim_raw" "glim" 
"fit_glm_omp_cpp" "glim_raw" "glim" 
"fit_glm_omp_cpp" "glim_raw" "glim" 
"fit_glm_omp_cpp" "glim_raw" "glim" 
"fit_glm_omp_cpp" "glim_raw" "glim" 
"fit_glm_omp_cpp" "glim_raw" "glim" 
"fit_glm_omp_cpp" "glim_raw" "glim" 
"fit_glm_omp_cpp" "glim_raw" "glim" 
"fit_glm_omp_cpp" "glim_raw" "glim" 
"fit_glm_omp_cpp" "glim_raw" "glim" 
"fit_glm_omp_cpp" "glim_raw" "glim" 
"fit_glm_omp_cpp" "glim_raw" "glim" 
"fit_glm_omp_cpp" "glim_raw" "glim" 
"fit_glm_omp_cpp" "glim_raw" "glim" 
"fit_glm_omp_cpp" "glim_raw" "glim" 
"fit_glm_omp_cpp" "glim_raw" "glim" 
"fit_glm_omp_cpp" "glim_raw" "glim" 
"fit_glm_omp_cpp" "glim_raw" "glim" 
"fit_glm_omp_cpp" "glim_raw" "glim" 
"fit_glm_omp_cpp" "glim_raw" "glim" 
"fit_glm_omp_cpp" "glim_raw" "glim" 
"fit_glm_omp_cpp" "glim_raw" "glim" 
"fit_glm_omp_cpp" "glim_raw" "glim" 
"fit_glm_omp_cpp" "glim_raw" "glim" 
"fit_glm_omp_cpp" "glim_raw" "glim" 
"fit_glm_omp_cpp" "glim_raw" "glim" 
"fit_glm_omp_cpp" "glim_raw" "glim" 
"fit_glm_omp_cpp" "glim_raw" "glim" 
"fit_glm_omp_cpp" "glim_raw" "glim" 
"fit_glm_omp_cpp" "glim_raw" "glim" 
"fit_glm_omp_cpp" "glim_raw" "glim" 
"fit_glm_omp_cpp" "glim_raw" "glim" 
"fit_glm_omp_cpp" "glim_raw" "glim" 
"fit_glm_omp_cpp" "glim_raw" "glim" 
"fit_glm_omp_cpp" "glim_raw" "glim" 
"fit_glm_omp_cpp" "glim_raw" "glim" 
"fit_glm_omp_cpp" "glim_raw" "glim" 
"fit_glm_omp_cpp" "glim_raw" "glim" 
"fit_glm_omp_cpp" "glim_raw" "glim" 
"system.file" ".ps.is_installed" "init_use_ragg" "use_ragg" "device_shadow" ".ps.graphics.create_device" ".Call" ".ps.Call" ".ark.graphics.device" ".External2" "plot.new" "contour.default" "contour" 
"parse" "sys.source" "doTryCatch" "tryCatchOne" "tryCatchList" "tryCatch" "try" "loadNamespace" "asNamespace" "namespaceImportFrom" "loadNamespace" "doTryCatch" "tryCatchOne" "tryCatchList" "tryCatch" "try_load_namespace" "init_use_ragg" "use_ragg" "device_shadow" ".ps.graphics.create_device" ".Call" ".ps.Call" ".ark.graphics.device" ".External2" "plot.new" "contour.default" "contour" 
"paste0" "FUN" "lapply" "FUN" "lapply" "assignNativeRoutines" "loadNamespace" "asNamespace" "namespaceImportFrom" "loadNamespace" "doTryCatch" "tryCatchOne" "tryCatchList" "tryCatch" "try_load_namespace" "init_use_ragg" "use_ragg" "device_shadow" ".ps.graphics.create_device" ".Call" ".ps.Call" ".ark.graphics.device" ".External2" "plot.new" "contour.default" "contour" 
"getNamespaceName" "structure" "addImports" "namespaceImportFrom" "loadNamespace" "doTryCatch" "tryCatchOne" "tryCatchList" "tryCatch" "try_load_namespace" "init_use_ragg" "use_ragg" "device_shadow" ".ps.graphics.create_device" ".Call" ".ps.Call" ".ark.graphics.device" ".External2" "plot.new" "contour.default" "contour" 
"names" "%in%" "local_unlock_binding" "env_bind_force" ".ps.graphics.create_device" ".Call" ".ps.Call" ".ark.graphics.device" ".External2" "plot.new" "contour.default" "contour" 
".External.graphics" "contour.default" "contour" 
