* using log directory ‘/home/joeh/Documents/Ryan_Meeting/GLIM/GLIM.Rcheck’
* using R version 4.6.0 (2026-04-24)
* using platform: x86_64-pc-linux-gnu
* R was compiled by
    cc (Ubuntu 11.4.0-1ubuntu1~22.04.3) 11.4.0
    GNU Fortran (Ubuntu 11.4.0-1ubuntu1~22.04.3) 11.4.0
* running under: Linux Mint 21.2
* using session charset: UTF-8
* current time: 2026-06-28 00:53:57 UTC
* checking for file ‘GLIM/DESCRIPTION’ ... OK
* this is package ‘GLIM’ version ‘0.0.0.1001’
* package encoding: UTF-8
* checking package namespace information ... OK
* checking package dependencies ... OK
* checking if this is a source package ... OK
* checking if there is a namespace ... OK
* checking for executable files ... OK
* checking for hidden files and directories ... NOTE
Found the following hidden files and directories:
  .clang-format
These were most likely included in error. See section ‘Package
structure’ in the ‘Writing R Extensions’ manual.
* checking for portable file names ... OK
* checking for sufficient/correct file permissions ... OK
* checking whether package ‘GLIM’ can be installed ... OK
* used C++ compiler: ‘g++ (Ubuntu 11.4.0-1ubuntu1~22.04.3) 11.4.0’
* checking C++ specification ... INFO
  specified C++20
* checking installed package size ... INFO
  installed size is  5.5Mb
  sub-directories of 1Mb or more:
    libs   5.3Mb
* checking package directory ... OK
* checking DESCRIPTION meta-information ... NOTE
License components which are templates and need '+ file LICENSE':
  MIT
* checking top-level files ... OK
* checking for left-over files ... OK
* checking index information ... OK
* checking package subdirectories ... OK
* checking code files for non-ASCII characters ... OK
* checking R files for syntax errors ... OK
* checking whether the package can be loaded ... OK
* checking whether the package can be loaded with stated dependencies ... OK
* checking whether the package can be unloaded cleanly ... OK
* checking whether the namespace can be loaded with stated dependencies ... OK
* checking whether the namespace can be unloaded cleanly ... OK
* checking loading without being on the library search path ... OK
* checking dependencies in R code ... WARNING
'::' or ':::' imports not declared from:
  ‘RhpcBLASctl’ ‘progress’
'loadNamespace' or 'requireNamespace' call not declared from: ‘RhpcBLASctl’
Namespaces in Imports field not imported from:
  ‘RcppArmadillo’ ‘fastglm’ ‘pbapply’
  All declared Imports should be used.
* checking S3 generic/method consistency ... OK
* checking replacement functions ... OK
* checking foreign function calls ... OK
* checking R code for possible problems ... NOTE
appendix: no visible global function definition for ‘lets_go_to_cpp’
generate_unit_matrix: no visible global function definition for ‘rnorm’
glim: no visible global function definition for ‘logLik’
glim: no visible global function definition for ‘glm’
glim: no visible global function definition for ‘Gamma’
glim: no visible global function definition for ‘poisson’
glim: no visible global function definition for ‘inverse.gaussian’
glim: no visible global function definition for ‘lm’
glim_inner_prob_approx_samples: no visible global function definition
  for ‘lm’
glim_inner_prob_approx_samples: no visible global function definition
  for ‘glm’
glim_inner_prob_approx_samples: no visible global function definition
  for ‘Gamma’
glim_inner_prob_approx_samples: no visible global function definition
  for ‘inverse.gaussian’
glim_inner_prob_approx_samples: no visible global function definition
  for ‘poisson’
glim_inner_prob_approx_samples: no visible global function definition
  for ‘coef’
glim_inner_prob_approx_samples: no visible global function definition
  for ‘runif’
glim_inner_prob_approx_samples: no visible global function definition
  for ‘qchisq’
glim_inner_prob_approx_samples_2: no visible global function definition
  for ‘lm’
glim_inner_prob_approx_samples_2: no visible global function definition
  for ‘glm’
glim_inner_prob_approx_samples_2: no visible global function definition
  for ‘Gamma’
glim_inner_prob_approx_samples_2: no visible global function definition
  for ‘inverse.gaussian’
glim_inner_prob_approx_samples_2: no visible global function definition
  for ‘poisson’
glim_inner_prob_approx_samples_2: no visible global function definition
  for ‘get_xi’
glim_inner_prob_approx_samples_2: no visible binding for global
  variable ‘eJ_values’
glim_inner_prob_approx_samples_2: no visible global function definition
  for ‘runif’
glim_inner_prob_approx_samples_2: no visible global function definition
  for ‘qchisq’
glim_raw: no visible global function definition for ‘model.matrix’
prob2poss_gamma: no visible global function definition for ‘coef’
prob2poss_gamma: no visible global function definition for ‘lm’
prob2poss_gamma: no visible global function definition for ‘head’
r_imvar: no visible global function definition for ‘qchisq’
Undefined global functions or variables:
  Gamma coef eJ_values get_xi glm head inverse.gaussian lets_go_to_cpp
  lm logLik model.matrix poisson qchisq rnorm runif
Consider adding
  importFrom("stats", "Gamma", "coef", "glm", "inverse.gaussian", "lm",
             "logLik", "model.matrix", "poisson", "qchisq", "rnorm",
             "runif")
  importFrom("utils", "head")
to your NAMESPACE file.
* checking Rd files ... OK
* checking Rd metadata ... OK
* checking Rd cross-references ... OK
* checking for missing documentation entries ... WARNING
Undocumented code objects:
  ‘compute_gamma_ll_r’ ‘glim’ ‘glim_inner_prob_approx_samples’
  ‘glim_inner_prob_approx_samples_2’ ‘glim_raw’ ‘prob2poss_logis’
All user-level objects in a package should have documentation entries.
See chapter ‘Writing R documentation files’ in the ‘Writing R
Extensions’ manual.
* checking for code/documentation mismatches ... OK
* checking Rd \usage sections ... WARNING
Undocumented arguments in Rd file 'generate_unit_matrix.Rd'
  ‘n’ ‘d’

Undocumented arguments in Rd file 'prob2poss_gamma.Rd'
  ‘X’ ‘y’ ‘samples’ ‘the_compared_theta’

Functions with \usage entries need to have the appropriate \alias
entries, and all their arguments documented.
The \usage entries must correspond to syntactically valid R code.
See chapter ‘Writing R documentation files’ in the ‘Writing R
Extensions’ manual.
* checking Rd contents ... OK
* checking for unstated dependencies in examples ... OK
* checking line endings in C/C++/Fortran sources/headers ... OK
* checking line endings in Makefiles ... OK
* checking compilation flags in Makevars ... OK
* checking for GNU extensions in Makefiles ... OK
* checking for portable use of $(BLAS_LIBS) and $(LAPACK_LIBS) ... OK
* checking use of PKG_*FLAGS in Makefiles ... OK
* checking compiled code ... OK
* checking examples ... NONE
* checking PDF version of manual ... OK
* DONE
Status: 3 WARNINGs, 3 NOTEs
